Archive member included to satisfy reference by file (symbol)

c:/st/stm32cubeide_1.4.0/stm32cubeide/plugins/com.st.stm32cube.ide.mcu.externaltools.gnu-tools-for-stm32.7-2018-q2-update.win32_1.4.0.202007081208/tools/bin/../lib/gcc/arm-none-eabi/7.3.1/../../../../arm-none-eabi/lib/thumb/v7e-m/fpv4-sp/hard\libc_nano.a(lib_a-errno.o)
                              Src/syscalls.o (__errno)
c:/st/stm32cubeide_1.4.0/stm32cubeide/plugins/com.st.stm32cube.ide.mcu.externaltools.gnu-tools-for-stm32.7-2018-q2-update.win32_1.4.0.202007081208/tools/bin/../lib/gcc/arm-none-eabi/7.3.1/../../../../arm-none-eabi/lib/thumb/v7e-m/fpv4-sp/hard\libc_nano.a(lib_a-exit.o)
                              c:/st/stm32cubeide_1.4.0/stm32cubeide/plugins/com.st.stm32cube.ide.mcu.externaltools.gnu-tools-for-stm32.7-2018-q2-update.win32_1.4.0.202007081208/tools/bin/../lib/gcc/arm-none-eabi/7.3.1/../../../../arm-none-eabi/lib/thumb/v7e-m/fpv4-sp/hard/crt0.o (exit)
c:/st/stm32cubeide_1.4.0/stm32cubeide/plugins/com.st.stm32cube.ide.mcu.externaltools.gnu-tools-for-stm32.7-2018-q2-update.win32_1.4.0.202007081208/tools/bin/../lib/gcc/arm-none-eabi/7.3.1/../../../../arm-none-eabi/lib/thumb/v7e-m/fpv4-sp/hard\libc_nano.a(lib_a-impure.o)
                              c:/st/stm32cubeide_1.4.0/stm32cubeide/plugins/com.st.stm32cube.ide.mcu.externaltools.gnu-tools-for-stm32.7-2018-q2-update.win32_1.4.0.202007081208/tools/bin/../lib/gcc/arm-none-eabi/7.3.1/../../../../arm-none-eabi/lib/thumb/v7e-m/fpv4-sp/hard\libc_nano.a(lib_a-exit.o) (_global_impure_ptr)
c:/st/stm32cubeide_1.4.0/stm32cubeide/plugins/com.st.stm32cube.ide.mcu.externaltools.gnu-tools-for-stm32.7-2018-q2-update.win32_1.4.0.202007081208/tools/bin/../lib/gcc/arm-none-eabi/7.3.1/../../../../arm-none-eabi/lib/thumb/v7e-m/fpv4-sp/hard\libc_nano.a(lib_a-init.o)
                              c:/st/stm32cubeide_1.4.0/stm32cubeide/plugins/com.st.stm32cube.ide.mcu.externaltools.gnu-tools-for-stm32.7-2018-q2-update.win32_1.4.0.202007081208/tools/bin/../lib/gcc/arm-none-eabi/7.3.1/../../../../arm-none-eabi/lib/thumb/v7e-m/fpv4-sp/hard/crt0.o (__libc_init_array)
c:/st/stm32cubeide_1.4.0/stm32cubeide/plugins/com.st.stm32cube.ide.mcu.externaltools.gnu-tools-for-stm32.7-2018-q2-update.win32_1.4.0.202007081208/tools/bin/../lib/gcc/arm-none-eabi/7.3.1/../../../../arm-none-eabi/lib/thumb/v7e-m/fpv4-sp/hard\libc_nano.a(lib_a-memset.o)
                              c:/st/stm32cubeide_1.4.0/stm32cubeide/plugins/com.st.stm32cube.ide.mcu.externaltools.gnu-tools-for-stm32.7-2018-q2-update.win32_1.4.0.202007081208/tools/bin/../lib/gcc/arm-none-eabi/7.3.1/../../../../arm-none-eabi/lib/thumb/v7e-m/fpv4-sp/hard/crt0.o (memset)
c:/st/stm32cubeide_1.4.0/stm32cubeide/plugins/com.st.stm32cube.ide.mcu.externaltools.gnu-tools-for-stm32.7-2018-q2-update.win32_1.4.0.202007081208/tools/bin/../lib/gcc/arm-none-eabi/7.3.1/../../../../arm-none-eabi/lib/thumb/v7e-m/fpv4-sp/hard\libc_nano.a(lib_a-strlen.o)
                              Src/spi_tx_testing.o (strlen)

Discarded input sections

 .text          0x0000000000000000        0x0 c:/st/stm32cubeide_1.4.0/stm32cubeide/plugins/com.st.stm32cube.ide.mcu.externaltools.gnu-tools-for-stm32.7-2018-q2-update.win32_1.4.0.202007081208/tools/bin/../lib/gcc/arm-none-eabi/7.3.1/thumb/v7e-m/fpv4-sp/hard/crti.o
 .data          0x0000000000000000        0x0 c:/st/stm32cubeide_1.4.0/stm32cubeide/plugins/com.st.stm32cube.ide.mcu.externaltools.gnu-tools-for-stm32.7-2018-q2-update.win32_1.4.0.202007081208/tools/bin/../lib/gcc/arm-none-eabi/7.3.1/thumb/v7e-m/fpv4-sp/hard/crti.o
 .bss           0x0000000000000000        0x0 c:/st/stm32cubeide_1.4.0/stm32cubeide/plugins/com.st.stm32cube.ide.mcu.externaltools.gnu-tools-for-stm32.7-2018-q2-update.win32_1.4.0.202007081208/tools/bin/../lib/gcc/arm-none-eabi/7.3.1/thumb/v7e-m/fpv4-sp/hard/crti.o
 .data          0x0000000000000000        0x4 c:/st/stm32cubeide_1.4.0/stm32cubeide/plugins/com.st.stm32cube.ide.mcu.externaltools.gnu-tools-for-stm32.7-2018-q2-update.win32_1.4.0.202007081208/tools/bin/../lib/gcc/arm-none-eabi/7.3.1/thumb/v7e-m/fpv4-sp/hard/crtbegin.o
 .text          0x0000000000000000       0x74 c:/st/stm32cubeide_1.4.0/stm32cubeide/plugins/com.st.stm32cube.ide.mcu.externaltools.gnu-tools-for-stm32.7-2018-q2-update.win32_1.4.0.202007081208/tools/bin/../lib/gcc/arm-none-eabi/7.3.1/../../../../arm-none-eabi/lib/thumb/v7e-m/fpv4-sp/hard/crt0.o
 .data          0x0000000000000000        0x0 c:/st/stm32cubeide_1.4.0/stm32cubeide/plugins/com.st.stm32cube.ide.mcu.externaltools.gnu-tools-for-stm32.7-2018-q2-update.win32_1.4.0.202007081208/tools/bin/../lib/gcc/arm-none-eabi/7.3.1/../../../../arm-none-eabi/lib/thumb/v7e-m/fpv4-sp/hard/crt0.o
 .bss           0x0000000000000000        0x0 c:/st/stm32cubeide_1.4.0/stm32cubeide/plugins/com.st.stm32cube.ide.mcu.externaltools.gnu-tools-for-stm32.7-2018-q2-update.win32_1.4.0.202007081208/tools/bin/../lib/gcc/arm-none-eabi/7.3.1/../../../../arm-none-eabi/lib/thumb/v7e-m/fpv4-sp/hard/crt0.o
 .ARM.extab     0x0000000000000000        0x0 c:/st/stm32cubeide_1.4.0/stm32cubeide/plugins/com.st.stm32cube.ide.mcu.externaltools.gnu-tools-for-stm32.7-2018-q2-update.win32_1.4.0.202007081208/tools/bin/../lib/gcc/arm-none-eabi/7.3.1/../../../../arm-none-eabi/lib/thumb/v7e-m/fpv4-sp/hard/crt0.o
 .ARM.exidx     0x0000000000000000        0x8 c:/st/stm32cubeide_1.4.0/stm32cubeide/plugins/com.st.stm32cube.ide.mcu.externaltools.gnu-tools-for-stm32.7-2018-q2-update.win32_1.4.0.202007081208/tools/bin/../lib/gcc/arm-none-eabi/7.3.1/../../../../arm-none-eabi/lib/thumb/v7e-m/fpv4-sp/hard/crt0.o
 .ARM.attributes
                0x0000000000000000       0x20 c:/st/stm32cubeide_1.4.0/stm32cubeide/plugins/com.st.stm32cube.ide.mcu.externaltools.gnu-tools-for-stm32.7-2018-q2-update.win32_1.4.0.202007081208/tools/bin/../lib/gcc/arm-none-eabi/7.3.1/../../../../arm-none-eabi/lib/thumb/v7e-m/fpv4-sp/hard/crt0.o
 .group         0x0000000000000000        0xc Src/spi_tx_testing.o
 .group         0x0000000000000000        0xc Src/spi_tx_testing.o
 .group         0x0000000000000000        0xc Src/spi_tx_testing.o
 .group         0x0000000000000000        0xc Src/spi_tx_testing.o
 .group         0x0000000000000000        0xc Src/spi_tx_testing.o
 .group         0x0000000000000000        0xc Src/spi_tx_testing.o
 .group         0x0000000000000000        0xc Src/spi_tx_testing.o
 .group         0x0000000000000000        0xc Src/spi_tx_testing.o
 .group         0x0000000000000000        0xc Src/spi_tx_testing.o
 .group         0x0000000000000000        0xc Src/spi_tx_testing.o
 .group         0x0000000000000000        0xc Src/spi_tx_testing.o
 .group         0x0000000000000000        0xc Src/spi_tx_testing.o
 .group         0x0000000000000000        0xc Src/spi_tx_testing.o
 .group         0x0000000000000000        0xc Src/spi_tx_testing.o
 .group         0x0000000000000000        0xc Src/spi_tx_testing.o
 .group         0x0000000000000000        0xc Src/spi_tx_testing.o
 .group         0x0000000000000000        0xc Src/spi_tx_testing.o
 .group         0x0000000000000000        0xc Src/spi_tx_testing.o
 .group         0x0000000000000000        0xc Src/spi_tx_testing.o
 .group         0x0000000000000000        0xc Src/spi_tx_testing.o
 .group         0x0000000000000000        0xc Src/spi_tx_testing.o
 .group         0x0000000000000000        0xc Src/spi_tx_testing.o
 .group         0x0000000000000000        0xc Src/spi_tx_testing.o
 .group         0x0000000000000000        0xc Src/spi_tx_testing.o
 .group         0x0000000000000000        0xc Src/spi_tx_testing.o
 .group         0x0000000000000000        0xc Src/spi_tx_testing.o
 .group         0x0000000000000000        0xc Src/spi_tx_testing.o
 .group         0x0000000000000000        0xc Src/spi_tx_testing.o
 .group         0x0000000000000000        0xc Src/spi_tx_testing.o
 .group         0x0000000000000000        0xc Src/spi_tx_testing.o
 .group         0x0000000000000000        0xc Src/spi_tx_testing.o
 .group         0x0000000000000000        0xc Src/spi_tx_testing.o
 .group         0x0000000000000000        0xc Src/spi_tx_testing.o
 .group         0x0000000000000000        0xc Src/spi_tx_testing.o
 .group         0x0000000000000000        0xc Src/spi_tx_testing.o
 .group         0x0000000000000000        0xc Src/spi_tx_testing.o
 .group         0x0000000000000000        0xc Src/spi_tx_testing.o
 .group         0x0000000000000000        0xc Src/spi_tx_testing.o
 .text          0x0000000000000000        0x0 Src/spi_tx_testing.o
 .data          0x0000000000000000        0x0 Src/spi_tx_testing.o
 .bss           0x0000000000000000        0x0 Src/spi_tx_testing.o
 .group         0x0000000000000000        0xc Src/syscalls.o
 .group         0x0000000000000000        0xc Src/syscalls.o
 .group         0x0000000000000000        0xc Src/syscalls.o
 .group         0x0000000000000000        0xc Src/syscalls.o
 .group         0x0000000000000000        0xc Src/syscalls.o
 .group         0x0000000000000000        0xc Src/syscalls.o
 .group         0x0000000000000000        0xc Src/syscalls.o
 .group         0x0000000000000000        0xc Src/syscalls.o
 .group         0x0000000000000000        0xc Src/syscalls.o
 .group         0x0000000000000000        0xc Src/syscalls.o
 .group         0x0000000000000000        0xc Src/syscalls.o
 .group         0x0000000000000000        0xc Src/syscalls.o
 .group         0x0000000000000000        0xc Src/syscalls.o
 .group         0x0000000000000000        0xc Src/syscalls.o
 .group         0x0000000000000000        0xc Src/syscalls.o
 .group         0x0000000000000000        0xc Src/syscalls.o
 .group         0x0000000000000000        0xc Src/syscalls.o
 .group         0x0000000000000000        0xc Src/syscalls.o
 .group         0x0000000000000000        0xc Src/syscalls.o
 .group         0x0000000000000000        0xc Src/syscalls.o
 .group         0x0000000000000000        0xc Src/syscalls.o
 .group         0x0000000000000000        0xc Src/syscalls.o
 .group         0x0000000000000000        0xc Src/syscalls.o
 .group         0x0000000000000000        0xc Src/syscalls.o
 .group         0x0000000000000000        0xc Src/syscalls.o
 .group         0x0000000000000000        0xc Src/syscalls.o
 .group         0x0000000000000000        0xc Src/syscalls.o
 .group         0x0000000000000000        0xc Src/syscalls.o
 .group         0x0000000000000000        0xc Src/syscalls.o
 .group         0x0000000000000000        0xc Src/syscalls.o
 .group         0x0000000000000000        0xc Src/syscalls.o
 .group         0x0000000000000000        0xc Src/syscalls.o
 .group         0x0000000000000000        0xc Src/syscalls.o
 .group         0x0000000000000000        0xc Src/syscalls.o
 .group         0x0000000000000000        0xc Src/syscalls.o
 .group         0x0000000000000000        0xc Src/syscalls.o
 .group         0x0000000000000000        0xc Src/syscalls.o
 .group         0x0000000000000000        0xc Src/syscalls.o
 .group         0x0000000000000000        0xc Src/syscalls.o
 .group         0x0000000000000000        0xc Src/syscalls.o
 .group         0x0000000000000000        0xc Src/syscalls.o
 .group         0x0000000000000000        0xc Src/syscalls.o
 .group         0x0000000000000000        0xc Src/syscalls.o
 .group         0x0000000000000000        0xc Src/syscalls.o
 .text          0x0000000000000000        0x0 Src/syscalls.o
 .data          0x0000000000000000        0x0 Src/syscalls.o
 .bss           0x0000000000000000        0x0 Src/syscalls.o
 .bss.__env     0x0000000000000000        0x4 Src/syscalls.o
 .data.environ  0x0000000000000000        0x4 Src/syscalls.o
 .text.initialise_monitor_handles
                0x0000000000000000        0xe Src/syscalls.o
 .text._getpid  0x0000000000000000       0x10 Src/syscalls.o
 .text._kill    0x0000000000000000       0x20 Src/syscalls.o
 .text._exit    0x0000000000000000       0x14 Src/syscalls.o
 .text._read    0x0000000000000000       0x3a Src/syscalls.o
 .text._write   0x0000000000000000       0x38 Src/syscalls.o
 .text._close   0x0000000000000000       0x18 Src/syscalls.o
 .text._fstat   0x0000000000000000       0x20 Src/syscalls.o
 .text._isatty  0x0000000000000000       0x16 Src/syscalls.o
 .text._lseek   0x0000000000000000       0x1a Src/syscalls.o
 .text._open    0x0000000000000000       0x1c Src/syscalls.o
 .text._wait    0x0000000000000000       0x1e Src/syscalls.o
 .text._unlink  0x0000000000000000       0x1e Src/syscalls.o
 .text._times   0x0000000000000000       0x18 Src/syscalls.o
 .text._stat    0x0000000000000000       0x20 Src/syscalls.o
 .text._link    0x0000000000000000       0x20 Src/syscalls.o
 .text._fork    0x0000000000000000       0x16 Src/syscalls.o
 .text._execve  0x0000000000000000       0x22 Src/syscalls.o
 .debug_info    0x0000000000000000      0xebd Src/syscalls.o
 .debug_abbrev  0x0000000000000000      0x261 Src/syscalls.o
 .debug_aranges
                0x0000000000000000       0xa8 Src/syscalls.o
 .debug_ranges  0x0000000000000000       0x98 Src/syscalls.o
 .debug_macro   0x0000000000000000      0x243 Src/syscalls.o
 .debug_macro   0x0000000000000000      0xa60 Src/syscalls.o
 .debug_macro   0x0000000000000000       0x22 Src/syscalls.o
 .debug_macro   0x0000000000000000       0x40 Src/syscalls.o
 .debug_macro   0x0000000000000000       0x18 Src/syscalls.o
 .debug_macro   0x0000000000000000       0x94 Src/syscalls.o
 .debug_macro   0x0000000000000000       0x3c Src/syscalls.o
 .debug_macro   0x0000000000000000       0x34 Src/syscalls.o
 .debug_macro   0x0000000000000000       0x57 Src/syscalls.o
 .debug_macro   0x0000000000000000      0x174 Src/syscalls.o
 .debug_macro   0x0000000000000000      0x330 Src/syscalls.o
 .debug_macro   0x0000000000000000       0x52 Src/syscalls.o
 .debug_macro   0x0000000000000000       0x1f Src/syscalls.o
 .debug_macro   0x0000000000000000       0x43 Src/syscalls.o
 .debug_macro   0x0000000000000000       0x20 Src/syscalls.o
 .debug_macro   0x0000000000000000      0x1a3 Src/syscalls.o
 .debug_macro   0x0000000000000000       0x10 Src/syscalls.o
 .debug_macro   0x0000000000000000       0x35 Src/syscalls.o
 .debug_macro   0x0000000000000000       0x10 Src/syscalls.o
 .debug_macro   0x0000000000000000       0x10 Src/syscalls.o
 .debug_macro   0x0000000000000000       0x10 Src/syscalls.o
 .debug_macro   0x0000000000000000       0x6a Src/syscalls.o
 .debug_macro   0x0000000000000000       0x1c Src/syscalls.o
 .debug_macro   0x0000000000000000       0x52 Src/syscalls.o
 .debug_macro   0x0000000000000000       0x40 Src/syscalls.o
 .debug_macro   0x0000000000000000       0x10 Src/syscalls.o
 .debug_macro   0x0000000000000000       0x40 Src/syscalls.o
 .debug_macro   0x0000000000000000       0xd7 Src/syscalls.o
 .debug_macro   0x0000000000000000       0x1c Src/syscalls.o
 .debug_macro   0x0000000000000000       0x3d Src/syscalls.o
 .debug_macro   0x0000000000000000       0x35 Src/syscalls.o
 .debug_macro   0x0000000000000000      0x122 Src/syscalls.o
 .debug_macro   0x0000000000000000       0x16 Src/syscalls.o
 .debug_macro   0x0000000000000000       0x16 Src/syscalls.o
 .debug_macro   0x0000000000000000       0x29 Src/syscalls.o
 .debug_macro   0x0000000000000000       0x10 Src/syscalls.o
 .debug_macro   0x0000000000000000      0x241 Src/syscalls.o
 .debug_macro   0x0000000000000000       0x1c Src/syscalls.o
 .debug_macro   0x0000000000000000       0x10 Src/syscalls.o
 .debug_macro   0x0000000000000000       0x10 Src/syscalls.o
 .debug_macro   0x0000000000000000       0x16 Src/syscalls.o
 .debug_macro   0x0000000000000000      0x145 Src/syscalls.o
 .debug_macro   0x0000000000000000      0x189 Src/syscalls.o
 .debug_macro   0x0000000000000000       0x16 Src/syscalls.o
 .debug_macro   0x0000000000000000       0x88 Src/syscalls.o
 .debug_line    0x0000000000000000      0x739 Src/syscalls.o
 .debug_str     0x0000000000000000     0x8898 Src/syscalls.o
 .comment       0x0000000000000000       0x7c Src/syscalls.o
 .debug_frame   0x0000000000000000      0x2ac Src/syscalls.o
 .ARM.attributes
                0x0000000000000000       0x39 Src/syscalls.o
 .group         0x0000000000000000        0xc Src/sysmem.o
 .group         0x0000000000000000        0xc Src/sysmem.o
 .group         0x0000000000000000        0xc Src/sysmem.o
 .group         0x0000000000000000        0xc Src/sysmem.o
 .group         0x0000000000000000        0xc Src/sysmem.o
 .group         0x0000000000000000        0xc Src/sysmem.o
 .group         0x0000000000000000        0xc Src/sysmem.o
 .group         0x0000000000000000        0xc Src/sysmem.o
 .group         0x0000000000000000        0xc Src/sysmem.o
 .group         0x0000000000000000        0xc Src/sysmem.o
 .group         0x0000000000000000        0xc Src/sysmem.o
 .group         0x0000000000000000        0xc Src/sysmem.o
 .group         0x0000000000000000        0xc Src/sysmem.o
 .group         0x0000000000000000        0xc Src/sysmem.o
 .group         0x0000000000000000        0xc Src/sysmem.o
 .group         0x0000000000000000        0xc Src/sysmem.o
 .group         0x0000000000000000        0xc Src/sysmem.o
 .group         0x0000000000000000        0xc Src/sysmem.o
 .group         0x0000000000000000        0xc Src/sysmem.o
 .text          0x0000000000000000        0x0 Src/sysmem.o
 .data          0x0000000000000000        0x0 Src/sysmem.o
 .bss           0x0000000000000000        0x0 Src/sysmem.o
 .bss.__sbrk_heap_end
                0x0000000000000000        0x4 Src/sysmem.o
 .text._sbrk    0x0000000000000000       0x6c Src/sysmem.o
 .debug_info    0x0000000000000000      0x985 Src/sysmem.o
 .debug_abbrev  0x0000000000000000      0x19b Src/sysmem.o
 .debug_aranges
                0x0000000000000000       0x20 Src/sysmem.o
 .debug_ranges  0x0000000000000000       0x10 Src/sysmem.o
 .debug_macro   0x0000000000000000       0xee Src/sysmem.o
 .debug_macro   0x0000000000000000      0xa60 Src/sysmem.o
 .debug_macro   0x0000000000000000       0x10 Src/sysmem.o
 .debug_macro   0x0000000000000000       0x22 Src/sysmem.o
 .debug_macro   0x0000000000000000       0x40 Src/sysmem.o
 .debug_macro   0x0000000000000000       0x18 Src/sysmem.o
 .debug_macro   0x0000000000000000       0x94 Src/sysmem.o
 .debug_macro   0x0000000000000000       0x3c Src/sysmem.o
 .debug_macro   0x0000000000000000       0x34 Src/sysmem.o
 .debug_macro   0x0000000000000000      0x174 Src/sysmem.o
 .debug_macro   0x0000000000000000       0x57 Src/sysmem.o
 .debug_macro   0x0000000000000000       0x52 Src/sysmem.o
 .debug_macro   0x0000000000000000       0x1f Src/sysmem.o
 .debug_macro   0x0000000000000000       0x43 Src/sysmem.o
 .debug_macro   0x0000000000000000       0x20 Src/sysmem.o
 .debug_macro   0x0000000000000000      0x1a3 Src/sysmem.o
 .debug_macro   0x0000000000000000      0x23b Src/sysmem.o
 .debug_macro   0x0000000000000000       0xef Src/sysmem.o
 .debug_macro   0x0000000000000000       0x6a Src/sysmem.o
 .debug_macro   0x0000000000000000      0x1df Src/sysmem.o
 .debug_line    0x0000000000000000      0x4c2 Src/sysmem.o
 .debug_str     0x0000000000000000     0x5f66 Src/sysmem.o
 .comment       0x0000000000000000       0x7c Src/sysmem.o
 .debug_frame   0x0000000000000000       0x34 Src/sysmem.o
 .ARM.attributes
                0x0000000000000000       0x39 Src/sysmem.o
 .text          0x0000000000000000       0x14 Startup/startup_stm32l476rgtx.o
 .data          0x0000000000000000        0x0 Startup/startup_stm32l476rgtx.o
 .bss           0x0000000000000000        0x0 Startup/startup_stm32l476rgtx.o
 .group         0x0000000000000000        0xc drivers/Src/stm32l476xx_gpio_driver.o
 .group         0x0000000000000000        0xc drivers/Src/stm32l476xx_gpio_driver.o
 .group         0x0000000000000000        0xc drivers/Src/stm32l476xx_gpio_driver.o
 .group         0x0000000000000000        0xc drivers/Src/stm32l476xx_gpio_driver.o
 .group         0x0000000000000000        0xc drivers/Src/stm32l476xx_gpio_driver.o
 .group         0x0000000000000000        0xc drivers/Src/stm32l476xx_gpio_driver.o
 .group         0x0000000000000000        0xc drivers/Src/stm32l476xx_gpio_driver.o
 .group         0x0000000000000000        0xc drivers/Src/stm32l476xx_gpio_driver.o
 .group         0x0000000000000000        0xc drivers/Src/stm32l476xx_gpio_driver.o
 .group         0x0000000000000000        0xc drivers/Src/stm32l476xx_gpio_driver.o
 .text          0x0000000000000000        0x0 drivers/Src/stm32l476xx_gpio_driver.o
 .data          0x0000000000000000        0x0 drivers/Src/stm32l476xx_gpio_driver.o
 .bss           0x0000000000000000        0x0 drivers/Src/stm32l476xx_gpio_driver.o
 .text.GPIO_DeInit
                0x0000000000000000      0x144 drivers/Src/stm32l476xx_gpio_driver.o
 .text.GPIO_ReadFromInputPin
                0x0000000000000000       0x2c drivers/Src/stm32l476xx_gpio_driver.o
 .text.GPIO_ReadFromInputPort
                0x0000000000000000       0x1c drivers/Src/stm32l476xx_gpio_driver.o
 .text.GPIO_WriteToOutputPin
                0x0000000000000000       0x4a drivers/Src/stm32l476xx_gpio_driver.o
 .text.GPIO_WriteToOutputPort
                0x0000000000000000       0x1e drivers/Src/stm32l476xx_gpio_driver.o
 .text.GPIO_ToggleOutputPin
                0x0000000000000000       0x2a drivers/Src/stm32l476xx_gpio_driver.o
 .text.GPIO_IRQInterruptConfig
                0x0000000000000000      0x10c drivers/Src/stm32l476xx_gpio_driver.o
 .text.GPIO_IRQPriorityConfig
                0x0000000000000000       0x5c drivers/Src/stm32l476xx_gpio_driver.o
 .text.GPIO_IRQHandling
                0x0000000000000000       0x78 drivers/Src/stm32l476xx_gpio_driver.o
 .debug_macro   0x0000000000000000      0xa60 drivers/Src/stm32l476xx_gpio_driver.o
 .debug_macro   0x0000000000000000       0x22 drivers/Src/stm32l476xx_gpio_driver.o
 .debug_macro   0x0000000000000000       0x8e drivers/Src/stm32l476xx_gpio_driver.o
 .debug_macro   0x0000000000000000       0x51 drivers/Src/stm32l476xx_gpio_driver.o
 .debug_macro   0x0000000000000000       0xef drivers/Src/stm32l476xx_gpio_driver.o
 .debug_macro   0x0000000000000000       0x6a drivers/Src/stm32l476xx_gpio_driver.o
 .debug_macro   0x0000000000000000      0x1df drivers/Src/stm32l476xx_gpio_driver.o
 .debug_macro   0x0000000000000000      0x498 drivers/Src/stm32l476xx_gpio_driver.o
 .debug_macro   0x0000000000000000       0xc4 drivers/Src/stm32l476xx_gpio_driver.o
 .group         0x0000000000000000        0xc drivers/Src/stm32l476xx_spi_driver.o
 .group         0x0000000000000000        0xc drivers/Src/stm32l476xx_spi_driver.o
 .group         0x0000000000000000        0xc drivers/Src/stm32l476xx_spi_driver.o
 .group         0x0000000000000000        0xc drivers/Src/stm32l476xx_spi_driver.o
 .group         0x0000000000000000        0xc drivers/Src/stm32l476xx_spi_driver.o
 .group         0x0000000000000000        0xc drivers/Src/stm32l476xx_spi_driver.o
 .group         0x0000000000000000        0xc drivers/Src/stm32l476xx_spi_driver.o
 .group         0x0000000000000000        0xc drivers/Src/stm32l476xx_spi_driver.o
 .group         0x0000000000000000        0xc drivers/Src/stm32l476xx_spi_driver.o
 .group         0x0000000000000000        0xc drivers/Src/stm32l476xx_spi_driver.o
 .text          0x0000000000000000        0x0 drivers/Src/stm32l476xx_spi_driver.o
 .data          0x0000000000000000        0x0 drivers/Src/stm32l476xx_spi_driver.o
 .bss           0x0000000000000000        0x0 drivers/Src/stm32l476xx_spi_driver.o
 .text.SPI_DeInit
                0x0000000000000000       0x88 drivers/Src/stm32l476xx_spi_driver.o
 .text.SPI_ReceiveData
                0x0000000000000000       0x18 drivers/Src/stm32l476xx_spi_driver.o
 .text.SPI_IRQInterruptConfig
                0x0000000000000000       0x1c drivers/Src/stm32l476xx_spi_driver.o
 .text.SPI_IRQPriorityConfig
                0x0000000000000000       0x1c drivers/Src/stm32l476xx_spi_driver.o
 .text.SPI_IRQHandling
                0x0000000000000000       0x14 drivers/Src/stm32l476xx_spi_driver.o
 .debug_macro   0x0000000000000000      0xa60 drivers/Src/stm32l476xx_spi_driver.o
 .debug_macro   0x0000000000000000       0x22 drivers/Src/stm32l476xx_spi_driver.o
 .debug_macro   0x0000000000000000       0x8e drivers/Src/stm32l476xx_spi_driver.o
 .debug_macro   0x0000000000000000       0x51 drivers/Src/stm32l476xx_spi_driver.o
 .debug_macro   0x0000000000000000       0xef drivers/Src/stm32l476xx_spi_driver.o
 .debug_macro   0x0000000000000000       0x6a drivers/Src/stm32l476xx_spi_driver.o
 .debug_macro   0x0000000000000000      0x1df drivers/Src/stm32l476xx_spi_driver.o
 .debug_macro   0x0000000000000000      0x498 drivers/Src/stm32l476xx_spi_driver.o
 .debug_macro   0x0000000000000000       0xc4 drivers/Src/stm32l476xx_spi_driver.o
 .debug_macro   0x0000000000000000       0x88 drivers/Src/stm32l476xx_spi_driver.o
 .text          0x0000000000000000        0x0 c:/st/stm32cubeide_1.4.0/stm32cubeide/plugins/com.st.stm32cube.ide.mcu.externaltools.gnu-tools-for-stm32.7-2018-q2-update.win32_1.4.0.202007081208/tools/bin/../lib/gcc/arm-none-eabi/7.3.1/../../../../arm-none-eabi/lib/thumb/v7e-m/fpv4-sp/hard\libc_nano.a(lib_a-errno.o)
 .data          0x0000000000000000        0x0 c:/st/stm32cubeide_1.4.0/stm32cubeide/plugins/com.st.stm32cube.ide.mcu.externaltools.gnu-tools-for-stm32.7-2018-q2-update.win32_1.4.0.202007081208/tools/bin/../lib/gcc/arm-none-eabi/7.3.1/../../../../arm-none-eabi/lib/thumb/v7e-m/fpv4-sp/hard\libc_nano.a(lib_a-errno.o)
 .bss           0x0000000000000000        0x0 c:/st/stm32cubeide_1.4.0/stm32cubeide/plugins/com.st.stm32cube.ide.mcu.externaltools.gnu-tools-for-stm32.7-2018-q2-update.win32_1.4.0.202007081208/tools/bin/../lib/gcc/arm-none-eabi/7.3.1/../../../../arm-none-eabi/lib/thumb/v7e-m/fpv4-sp/hard\libc_nano.a(lib_a-errno.o)
 .text.__errno  0x0000000000000000        0xc c:/st/stm32cubeide_1.4.0/stm32cubeide/plugins/com.st.stm32cube.ide.mcu.externaltools.gnu-tools-for-stm32.7-2018-q2-update.win32_1.4.0.202007081208/tools/bin/../lib/gcc/arm-none-eabi/7.3.1/../../../../arm-none-eabi/lib/thumb/v7e-m/fpv4-sp/hard\libc_nano.a(lib_a-errno.o)
 .debug_frame   0x0000000000000000       0x20 c:/st/stm32cubeide_1.4.0/stm32cubeide/plugins/com.st.stm32cube.ide.mcu.externaltools.gnu-tools-for-stm32.7-2018-q2-update.win32_1.4.0.202007081208/tools/bin/../lib/gcc/arm-none-eabi/7.3.1/../../../../arm-none-eabi/lib/thumb/v7e-m/fpv4-sp/hard\libc_nano.a(lib_a-errno.o)
 .ARM.attributes
                0x0000000000000000       0x34 c:/st/stm32cubeide_1.4.0/stm32cubeide/plugins/com.st.stm32cube.ide.mcu.externaltools.gnu-tools-for-stm32.7-2018-q2-update.win32_1.4.0.202007081208/tools/bin/../lib/gcc/arm-none-eabi/7.3.1/../../../../arm-none-eabi/lib/thumb/v7e-m/fpv4-sp/hard\libc_nano.a(lib_a-errno.o)
 .text          0x0000000000000000        0x0 c:/st/stm32cubeide_1.4.0/stm32cubeide/plugins/com.st.stm32cube.ide.mcu.externaltools.gnu-tools-for-stm32.7-2018-q2-update.win32_1.4.0.202007081208/tools/bin/../lib/gcc/arm-none-eabi/7.3.1/../../../../arm-none-eabi/lib/thumb/v7e-m/fpv4-sp/hard\libc_nano.a(lib_a-exit.o)
 .data          0x0000000000000000        0x0 c:/st/stm32cubeide_1.4.0/stm32cubeide/plugins/com.st.stm32cube.ide.mcu.externaltools.gnu-tools-for-stm32.7-2018-q2-update.win32_1.4.0.202007081208/tools/bin/../lib/gcc/arm-none-eabi/7.3.1/../../../../arm-none-eabi/lib/thumb/v7e-m/fpv4-sp/hard\libc_nano.a(lib_a-exit.o)
 .bss           0x0000000000000000        0x0 c:/st/stm32cubeide_1.4.0/stm32cubeide/plugins/com.st.stm32cube.ide.mcu.externaltools.gnu-tools-for-stm32.7-2018-q2-update.win32_1.4.0.202007081208/tools/bin/../lib/gcc/arm-none-eabi/7.3.1/../../../../arm-none-eabi/lib/thumb/v7e-m/fpv4-sp/hard\libc_nano.a(lib_a-exit.o)
 .text.exit     0x0000000000000000       0x28 c:/st/stm32cubeide_1.4.0/stm32cubeide/plugins/com.st.stm32cube.ide.mcu.externaltools.gnu-tools-for-stm32.7-2018-q2-update.win32_1.4.0.202007081208/tools/bin/../lib/gcc/arm-none-eabi/7.3.1/../../../../arm-none-eabi/lib/thumb/v7e-m/fpv4-sp/hard\libc_nano.a(lib_a-exit.o)
 .debug_frame   0x0000000000000000       0x28 c:/st/stm32cubeide_1.4.0/stm32cubeide/plugins/com.st.stm32cube.ide.mcu.externaltools.gnu-tools-for-stm32.7-2018-q2-update.win32_1.4.0.202007081208/tools/bin/../lib/gcc/arm-none-eabi/7.3.1/../../../../arm-none-eabi/lib/thumb/v7e-m/fpv4-sp/hard\libc_nano.a(lib_a-exit.o)
 .ARM.attributes
                0x0000000000000000       0x34 c:/st/stm32cubeide_1.4.0/stm32cubeide/plugins/com.st.stm32cube.ide.mcu.externaltools.gnu-tools-for-stm32.7-2018-q2-update.win32_1.4.0.202007081208/tools/bin/../lib/gcc/arm-none-eabi/7.3.1/../../../../arm-none-eabi/lib/thumb/v7e-m/fpv4-sp/hard\libc_nano.a(lib_a-exit.o)
 .text          0x0000000000000000        0x0 c:/st/stm32cubeide_1.4.0/stm32cubeide/plugins/com.st.stm32cube.ide.mcu.externaltools.gnu-tools-for-stm32.7-2018-q2-update.win32_1.4.0.202007081208/tools/bin/../lib/gcc/arm-none-eabi/7.3.1/../../../../arm-none-eabi/lib/thumb/v7e-m/fpv4-sp/hard\libc_nano.a(lib_a-impure.o)
 .data          0x0000000000000000        0x0 c:/st/stm32cubeide_1.4.0/stm32cubeide/plugins/com.st.stm32cube.ide.mcu.externaltools.gnu-tools-for-stm32.7-2018-q2-update.win32_1.4.0.202007081208/tools/bin/../lib/gcc/arm-none-eabi/7.3.1/../../../../arm-none-eabi/lib/thumb/v7e-m/fpv4-sp/hard\libc_nano.a(lib_a-impure.o)
 .bss           0x0000000000000000        0x0 c:/st/stm32cubeide_1.4.0/stm32cubeide/plugins/com.st.stm32cube.ide.mcu.externaltools.gnu-tools-for-stm32.7-2018-q2-update.win32_1.4.0.202007081208/tools/bin/../lib/gcc/arm-none-eabi/7.3.1/../../../../arm-none-eabi/lib/thumb/v7e-m/fpv4-sp/hard\libc_nano.a(lib_a-impure.o)
 .data._impure_ptr
                0x0000000000000000        0x4 c:/st/stm32cubeide_1.4.0/stm32cubeide/plugins/com.st.stm32cube.ide.mcu.externaltools.gnu-tools-for-stm32.7-2018-q2-update.win32_1.4.0.202007081208/tools/bin/../lib/gcc/arm-none-eabi/7.3.1/../../../../arm-none-eabi/lib/thumb/v7e-m/fpv4-sp/hard\libc_nano.a(lib_a-impure.o)
 .data.impure_data
                0x0000000000000000       0x60 c:/st/stm32cubeide_1.4.0/stm32cubeide/plugins/com.st.stm32cube.ide.mcu.externaltools.gnu-tools-for-stm32.7-2018-q2-update.win32_1.4.0.202007081208/tools/bin/../lib/gcc/arm-none-eabi/7.3.1/../../../../arm-none-eabi/lib/thumb/v7e-m/fpv4-sp/hard\libc_nano.a(lib_a-impure.o)
 .rodata._global_impure_ptr
                0x0000000000000000        0x4 c:/st/stm32cubeide_1.4.0/stm32cubeide/plugins/com.st.stm32cube.ide.mcu.externaltools.gnu-tools-for-stm32.7-2018-q2-update.win32_1.4.0.202007081208/tools/bin/../lib/gcc/arm-none-eabi/7.3.1/../../../../arm-none-eabi/lib/thumb/v7e-m/fpv4-sp/hard\libc_nano.a(lib_a-impure.o)
 .ARM.attributes
                0x0000000000000000       0x34 c:/st/stm32cubeide_1.4.0/stm32cubeide/plugins/com.st.stm32cube.ide.mcu.externaltools.gnu-tools-for-stm32.7-2018-q2-update.win32_1.4.0.202007081208/tools/bin/../lib/gcc/arm-none-eabi/7.3.1/../../../../arm-none-eabi/lib/thumb/v7e-m/fpv4-sp/hard\libc_nano.a(lib_a-impure.o)
 .text          0x0000000000000000        0x0 c:/st/stm32cubeide_1.4.0/stm32cubeide/plugins/com.st.stm32cube.ide.mcu.externaltools.gnu-tools-for-stm32.7-2018-q2-update.win32_1.4.0.202007081208/tools/bin/../lib/gcc/arm-none-eabi/7.3.1/../../../../arm-none-eabi/lib/thumb/v7e-m/fpv4-sp/hard\libc_nano.a(lib_a-init.o)
 .data          0x0000000000000000        0x0 c:/st/stm32cubeide_1.4.0/stm32cubeide/plugins/com.st.stm32cube.ide.mcu.externaltools.gnu-tools-for-stm32.7-2018-q2-update.win32_1.4.0.202007081208/tools/bin/../lib/gcc/arm-none-eabi/7.3.1/../../../../arm-none-eabi/lib/thumb/v7e-m/fpv4-sp/hard\libc_nano.a(lib_a-init.o)
 .bss           0x0000000000000000        0x0 c:/st/stm32cubeide_1.4.0/stm32cubeide/plugins/com.st.stm32cube.ide.mcu.externaltools.gnu-tools-for-stm32.7-2018-q2-update.win32_1.4.0.202007081208/tools/bin/../lib/gcc/arm-none-eabi/7.3.1/../../../../arm-none-eabi/lib/thumb/v7e-m/fpv4-sp/hard\libc_nano.a(lib_a-init.o)
 .text          0x0000000000000000        0x0 c:/st/stm32cubeide_1.4.0/stm32cubeide/plugins/com.st.stm32cube.ide.mcu.externaltools.gnu-tools-for-stm32.7-2018-q2-update.win32_1.4.0.202007081208/tools/bin/../lib/gcc/arm-none-eabi/7.3.1/../../../../arm-none-eabi/lib/thumb/v7e-m/fpv4-sp/hard\libc_nano.a(lib_a-memset.o)
 .data          0x0000000000000000        0x0 c:/st/stm32cubeide_1.4.0/stm32cubeide/plugins/com.st.stm32cube.ide.mcu.externaltools.gnu-tools-for-stm32.7-2018-q2-update.win32_1.4.0.202007081208/tools/bin/../lib/gcc/arm-none-eabi/7.3.1/../../../../arm-none-eabi/lib/thumb/v7e-m/fpv4-sp/hard\libc_nano.a(lib_a-memset.o)
 .bss           0x0000000000000000        0x0 c:/st/stm32cubeide_1.4.0/stm32cubeide/plugins/com.st.stm32cube.ide.mcu.externaltools.gnu-tools-for-stm32.7-2018-q2-update.win32_1.4.0.202007081208/tools/bin/../lib/gcc/arm-none-eabi/7.3.1/../../../../arm-none-eabi/lib/thumb/v7e-m/fpv4-sp/hard\libc_nano.a(lib_a-memset.o)
 .text.memset   0x0000000000000000       0x10 c:/st/stm32cubeide_1.4.0/stm32cubeide/plugins/com.st.stm32cube.ide.mcu.externaltools.gnu-tools-for-stm32.7-2018-q2-update.win32_1.4.0.202007081208/tools/bin/../lib/gcc/arm-none-eabi/7.3.1/../../../../arm-none-eabi/lib/thumb/v7e-m/fpv4-sp/hard\libc_nano.a(lib_a-memset.o)
 .debug_frame   0x0000000000000000       0x20 c:/st/stm32cubeide_1.4.0/stm32cubeide/plugins/com.st.stm32cube.ide.mcu.externaltools.gnu-tools-for-stm32.7-2018-q2-update.win32_1.4.0.202007081208/tools/bin/../lib/gcc/arm-none-eabi/7.3.1/../../../../arm-none-eabi/lib/thumb/v7e-m/fpv4-sp/hard\libc_nano.a(lib_a-memset.o)
 .ARM.attributes
                0x0000000000000000       0x34 c:/st/stm32cubeide_1.4.0/stm32cubeide/plugins/com.st.stm32cube.ide.mcu.externaltools.gnu-tools-for-stm32.7-2018-q2-update.win32_1.4.0.202007081208/tools/bin/../lib/gcc/arm-none-eabi/7.3.1/../../../../arm-none-eabi/lib/thumb/v7e-m/fpv4-sp/hard\libc_nano.a(lib_a-memset.o)
 .data          0x0000000000000000        0x0 c:/st/stm32cubeide_1.4.0/stm32cubeide/plugins/com.st.stm32cube.ide.mcu.externaltools.gnu-tools-for-stm32.7-2018-q2-update.win32_1.4.0.202007081208/tools/bin/../lib/gcc/arm-none-eabi/7.3.1/../../../../arm-none-eabi/lib/thumb/v7e-m/fpv4-sp/hard\libc_nano.a(lib_a-strlen.o)
 .bss           0x0000000000000000        0x0 c:/st/stm32cubeide_1.4.0/stm32cubeide/plugins/com.st.stm32cube.ide.mcu.externaltools.gnu-tools-for-stm32.7-2018-q2-update.win32_1.4.0.202007081208/tools/bin/../lib/gcc/arm-none-eabi/7.3.1/../../../../arm-none-eabi/lib/thumb/v7e-m/fpv4-sp/hard\libc_nano.a(lib_a-strlen.o)
 .text          0x0000000000000000        0x0 c:/st/stm32cubeide_1.4.0/stm32cubeide/plugins/com.st.stm32cube.ide.mcu.externaltools.gnu-tools-for-stm32.7-2018-q2-update.win32_1.4.0.202007081208/tools/bin/../lib/gcc/arm-none-eabi/7.3.1/thumb/v7e-m/fpv4-sp/hard/crtend.o
 .data          0x0000000000000000        0x0 c:/st/stm32cubeide_1.4.0/stm32cubeide/plugins/com.st.stm32cube.ide.mcu.externaltools.gnu-tools-for-stm32.7-2018-q2-update.win32_1.4.0.202007081208/tools/bin/../lib/gcc/arm-none-eabi/7.3.1/thumb/v7e-m/fpv4-sp/hard/crtend.o
 .bss           0x0000000000000000        0x0 c:/st/stm32cubeide_1.4.0/stm32cubeide/plugins/com.st.stm32cube.ide.mcu.externaltools.gnu-tools-for-stm32.7-2018-q2-update.win32_1.4.0.202007081208/tools/bin/../lib/gcc/arm-none-eabi/7.3.1/thumb/v7e-m/fpv4-sp/hard/crtend.o
 .eh_frame      0x0000000000000000        0x4 c:/st/stm32cubeide_1.4.0/stm32cubeide/plugins/com.st.stm32cube.ide.mcu.externaltools.gnu-tools-for-stm32.7-2018-q2-update.win32_1.4.0.202007081208/tools/bin/../lib/gcc/arm-none-eabi/7.3.1/thumb/v7e-m/fpv4-sp/hard/crtend.o
 .ARM.attributes
                0x0000000000000000       0x34 c:/st/stm32cubeide_1.4.0/stm32cubeide/plugins/com.st.stm32cube.ide.mcu.externaltools.gnu-tools-for-stm32.7-2018-q2-update.win32_1.4.0.202007081208/tools/bin/../lib/gcc/arm-none-eabi/7.3.1/thumb/v7e-m/fpv4-sp/hard/crtend.o
 .text          0x0000000000000000        0x0 c:/st/stm32cubeide_1.4.0/stm32cubeide/plugins/com.st.stm32cube.ide.mcu.externaltools.gnu-tools-for-stm32.7-2018-q2-update.win32_1.4.0.202007081208/tools/bin/../lib/gcc/arm-none-eabi/7.3.1/thumb/v7e-m/fpv4-sp/hard/crtn.o
 .data          0x0000000000000000        0x0 c:/st/stm32cubeide_1.4.0/stm32cubeide/plugins/com.st.stm32cube.ide.mcu.externaltools.gnu-tools-for-stm32.7-2018-q2-update.win32_1.4.0.202007081208/tools/bin/../lib/gcc/arm-none-eabi/7.3.1/thumb/v7e-m/fpv4-sp/hard/crtn.o
 .bss           0x0000000000000000        0x0 c:/st/stm32cubeide_1.4.0/stm32cubeide/plugins/com.st.stm32cube.ide.mcu.externaltools.gnu-tools-for-stm32.7-2018-q2-update.win32_1.4.0.202007081208/tools/bin/../lib/gcc/arm-none-eabi/7.3.1/thumb/v7e-m/fpv4-sp/hard/crtn.o

Memory Configuration

Name             Origin             Length             Attributes
RAM              0x0000000020000000 0x0000000000018000 xrw
ROM              0x0000000008000000 0x0000000000100000 xr
*default*        0x0000000000000000 0xffffffffffffffff

Linker script and memory map

LOAD c:/st/stm32cubeide_1.4.0/stm32cubeide/plugins/com.st.stm32cube.ide.mcu.externaltools.gnu-tools-for-stm32.7-2018-q2-update.win32_1.4.0.202007081208/tools/bin/../lib/gcc/arm-none-eabi/7.3.1/thumb/v7e-m/fpv4-sp/hard/crti.o
LOAD c:/st/stm32cubeide_1.4.0/stm32cubeide/plugins/com.st.stm32cube.ide.mcu.externaltools.gnu-tools-for-stm32.7-2018-q2-update.win32_1.4.0.202007081208/tools/bin/../lib/gcc/arm-none-eabi/7.3.1/thumb/v7e-m/fpv4-sp/hard/crtbegin.o
LOAD c:/st/stm32cubeide_1.4.0/stm32cubeide/plugins/com.st.stm32cube.ide.mcu.externaltools.gnu-tools-for-stm32.7-2018-q2-update.win32_1.4.0.202007081208/tools/bin/../lib/gcc/arm-none-eabi/7.3.1/../../../../arm-none-eabi/lib/thumb/v7e-m/fpv4-sp/hard/crt0.o
LOAD Src/spi_tx_testing.o
LOAD Src/syscalls.o
LOAD Src/sysmem.o
LOAD Startup/startup_stm32l476rgtx.o
LOAD drivers/Src/stm32l476xx_gpio_driver.o
LOAD drivers/Src/stm32l476xx_spi_driver.o
START GROUP
LOAD c:/st/stm32cubeide_1.4.0/stm32cubeide/plugins/com.st.stm32cube.ide.mcu.externaltools.gnu-tools-for-stm32.7-2018-q2-update.win32_1.4.0.202007081208/tools/bin/../lib/gcc/arm-none-eabi/7.3.1/../../../../arm-none-eabi/lib/thumb/v7e-m/fpv4-sp/hard\libc_nano.a
LOAD c:/st/stm32cubeide_1.4.0/stm32cubeide/plugins/com.st.stm32cube.ide.mcu.externaltools.gnu-tools-for-stm32.7-2018-q2-update.win32_1.4.0.202007081208/tools/bin/../lib/gcc/arm-none-eabi/7.3.1/../../../../arm-none-eabi/lib/thumb/v7e-m/fpv4-sp/hard\libm.a
END GROUP
START GROUP
LOAD c:/st/stm32cubeide_1.4.0/stm32cubeide/plugins/com.st.stm32cube.ide.mcu.externaltools.gnu-tools-for-stm32.7-2018-q2-update.win32_1.4.0.202007081208/tools/bin/../lib/gcc/arm-none-eabi/7.3.1/thumb/v7e-m/fpv4-sp/hard\libgcc.a
LOAD c:/st/stm32cubeide_1.4.0/stm32cubeide/plugins/com.st.stm32cube.ide.mcu.externaltools.gnu-tools-for-stm32.7-2018-q2-update.win32_1.4.0.202007081208/tools/bin/../lib/gcc/arm-none-eabi/7.3.1/../../../../arm-none-eabi/lib/thumb/v7e-m/fpv4-sp/hard\libc_nano.a
END GROUP
START GROUP
LOAD c:/st/stm32cubeide_1.4.0/stm32cubeide/plugins/com.st.stm32cube.ide.mcu.externaltools.gnu-tools-for-stm32.7-2018-q2-update.win32_1.4.0.202007081208/tools/bin/../lib/gcc/arm-none-eabi/7.3.1/thumb/v7e-m/fpv4-sp/hard\libgcc.a
LOAD c:/st/stm32cubeide_1.4.0/stm32cubeide/plugins/com.st.stm32cube.ide.mcu.externaltools.gnu-tools-for-stm32.7-2018-q2-update.win32_1.4.0.202007081208/tools/bin/../lib/gcc/arm-none-eabi/7.3.1/../../../../arm-none-eabi/lib/thumb/v7e-m/fpv4-sp/hard\libc_nano.a
LOAD c:/st/stm32cubeide_1.4.0/stm32cubeide/plugins/com.st.stm32cube.ide.mcu.externaltools.gnu-tools-for-stm32.7-2018-q2-update.win32_1.4.0.202007081208/tools/bin/../lib/gcc/arm-none-eabi/7.3.1/../../../../arm-none-eabi/lib/thumb/v7e-m/fpv4-sp/hard\libnosys.a
END GROUP
START GROUP
LOAD c:/st/stm32cubeide_1.4.0/stm32cubeide/plugins/com.st.stm32cube.ide.mcu.externaltools.gnu-tools-for-stm32.7-2018-q2-update.win32_1.4.0.202007081208/tools/bin/../lib/gcc/arm-none-eabi/7.3.1/thumb/v7e-m/fpv4-sp/hard\libgcc.a
LOAD c:/st/stm32cubeide_1.4.0/stm32cubeide/plugins/com.st.stm32cube.ide.mcu.externaltools.gnu-tools-for-stm32.7-2018-q2-update.win32_1.4.0.202007081208/tools/bin/../lib/gcc/arm-none-eabi/7.3.1/../../../../arm-none-eabi/lib/thumb/v7e-m/fpv4-sp/hard\libc_nano.a
LOAD c:/st/stm32cubeide_1.4.0/stm32cubeide/plugins/com.st.stm32cube.ide.mcu.externaltools.gnu-tools-for-stm32.7-2018-q2-update.win32_1.4.0.202007081208/tools/bin/../lib/gcc/arm-none-eabi/7.3.1/../../../../arm-none-eabi/lib/thumb/v7e-m/fpv4-sp/hard\libnosys.a
END GROUP
LOAD c:/st/stm32cubeide_1.4.0/stm32cubeide/plugins/com.st.stm32cube.ide.mcu.externaltools.gnu-tools-for-stm32.7-2018-q2-update.win32_1.4.0.202007081208/tools/bin/../lib/gcc/arm-none-eabi/7.3.1/thumb/v7e-m/fpv4-sp/hard/crtend.o
LOAD c:/st/stm32cubeide_1.4.0/stm32cubeide/plugins/com.st.stm32cube.ide.mcu.externaltools.gnu-tools-for-stm32.7-2018-q2-update.win32_1.4.0.202007081208/tools/bin/../lib/gcc/arm-none-eabi/7.3.1/thumb/v7e-m/fpv4-sp/hard/crtn.o
                0x0000000020018000                _estack = (ORIGIN (RAM) + LENGTH (RAM))
                0x0000000000000200                _Min_Heap_Size = 0x200
                0x0000000000000400                _Min_Stack_Size = 0x400

.isr_vector     0x0000000008000000      0x188
                0x0000000008000000                . = ALIGN (0x4)
 *(.isr_vector)
 .isr_vector    0x0000000008000000      0x188 Startup/startup_stm32l476rgtx.o
                0x0000000008000000                g_pfnVectors
                0x0000000008000188                . = ALIGN (0x4)

.text           0x0000000008000188      0x8fc
                0x0000000008000188                . = ALIGN (0x4)
 *(.text)
 .text          0x0000000008000188       0x40 c:/st/stm32cubeide_1.4.0/stm32cubeide/plugins/com.st.stm32cube.ide.mcu.externaltools.gnu-tools-for-stm32.7-2018-q2-update.win32_1.4.0.202007081208/tools/bin/../lib/gcc/arm-none-eabi/7.3.1/thumb/v7e-m/fpv4-sp/hard/crtbegin.o
 .text          0x00000000080001c8       0x10 c:/st/stm32cubeide_1.4.0/stm32cubeide/plugins/com.st.stm32cube.ide.mcu.externaltools.gnu-tools-for-stm32.7-2018-q2-update.win32_1.4.0.202007081208/tools/bin/../lib/gcc/arm-none-eabi/7.3.1/../../../../arm-none-eabi/lib/thumb/v7e-m/fpv4-sp/hard\libc_nano.a(lib_a-strlen.o)
                0x00000000080001c8                strlen
 *(.text*)
 .text.SPI2_GPIOInits
                0x00000000080001d8       0x5c Src/spi_tx_testing.o
                0x00000000080001d8                SPI2_GPIOInits
 .text.SPI2_Inits
                0x0000000008000234       0x3c Src/spi_tx_testing.o
                0x0000000008000234                SPI2_Inits
 .text.main     0x0000000008000270       0x40 Src/spi_tx_testing.o
                0x0000000008000270                main
 .text.Reset_Handler
                0x00000000080002b0       0x50 Startup/startup_stm32l476rgtx.o
                0x00000000080002b0                Reset_Handler
 .text.Default_Handler
                0x0000000008000300        0x2 Startup/startup_stm32l476rgtx.o
                0x0000000008000300                EXTI2_IRQHandler
                0x0000000008000300                TIM8_TRG_COM_IRQHandler
                0x0000000008000300                TIM8_CC_IRQHandler
                0x0000000008000300                DebugMon_Handler
                0x0000000008000300                DMA1_CH4_IRQHandler
                0x0000000008000300                TIM1_CC_IRQHandler
                0x0000000008000300                TSC_IRQHandler
                0x0000000008000300                HardFault_Handler
                0x0000000008000300                SysTick_Handler
                0x0000000008000300                TAMP_STAMP_IRQHandler
                0x0000000008000300                PendSV_Handler
                0x0000000008000300                NMI_Handler
                0x0000000008000300                EXTI3_IRQHandler
                0x0000000008000300                LPTIM2_IRQHandler
                0x0000000008000300                DFSDM1_FLT1_IRQHandler
                0x0000000008000300                I2C3_ER_IRQHandler
                0x0000000008000300                DFSDM1_FLT2_IRQHandler
                0x0000000008000300                TIM6_DACUNDER_IRQHandler
                0x0000000008000300                EXTI0_IRQHandler
                0x0000000008000300                I2C2_EV_IRQHandler
                0x0000000008000300                DMA2_CH1_IRQHandler
                0x0000000008000300                CAN1_RX0_IRQHandler
                0x0000000008000300                FPU_IRQHandler
                0x0000000008000300                TIM1_UP_TIM16_IRQHandler
                0x0000000008000300                DMA2_CH7_IRQHandler
                0x0000000008000300                UsageFault_Handler
                0x0000000008000300                ADC1_2_IRQHandler
                0x0000000008000300                SPI1_IRQHandler
                0x0000000008000300                DMA1_CH7_IRQHandler
                0x0000000008000300                TIM8_UP_IRQHandler
                0x0000000008000300                RTC_ALARM_IRQHandler
                0x0000000008000300                SAI2_IRQHandler
                0x0000000008000300                DFSDM1_FLT3_IRQHandler
                0x0000000008000300                DMA1_CH6_IRQHandler
                0x0000000008000300                USART3_IRQHandler
                0x0000000008000300                CAN1_RX1_IRQHandler
                0x0000000008000300                LCD_IRQHandler
                0x0000000008000300                UART5_IRQHandler
                0x0000000008000300                ADC3_IRQHandler
                0x0000000008000300                TIM4_IRQHandler
                0x0000000008000300                QUADSPI_IRQHandler
                0x0000000008000300                I2C1_EV_IRQHandler
                0x0000000008000300                DMA2_CH5_IRQHandler
                0x0000000008000300                UART4_IRQHandler
                0x0000000008000300                DMA1_CH3_IRQHandler
                0x0000000008000300                TIM3_IRQHandler
                0x0000000008000300                RCC_IRQHandler
                0x0000000008000300                Default_Handler
                0x0000000008000300                EXTI15_10_IRQHandler
                0x0000000008000300                TIM7_IRQHandler
                0x0000000008000300                SDMMC1_IRQHandler
                0x0000000008000300                TIM5_IRQHandler
                0x0000000008000300                I2C3_EV_IRQHandler
                0x0000000008000300                EXTI9_5_IRQHandler
                0x0000000008000300                DMA1_CH2_IRQHandler
                0x0000000008000300                RTC_WKUP_IRQHandler
                0x0000000008000300                PVD_PVM_IRQHandler
                0x0000000008000300                SPI2_IRQHandler
                0x0000000008000300                DMA1_CH1_IRQHandler
                0x0000000008000300                MemManage_Handler
                0x0000000008000300                CAN1_TX_IRQHandler
                0x0000000008000300                SVC_Handler
                0x0000000008000300                EXTI4_IRQHandler
                0x0000000008000300                RNG_IRQHandler
                0x0000000008000300                TIM1_TRG_COM_TIM17_IRQHandler
                0x0000000008000300                COMP_IRQHandler
                0x0000000008000300                WWDG_IRQHandler
                0x0000000008000300                LPUART1_IRQHandler
                0x0000000008000300                TIM2_IRQHandler
                0x0000000008000300                EXTI1_IRQHandler
                0x0000000008000300                AES_IRQHandler
                0x0000000008000300                USART2_IRQHandler
                0x0000000008000300                DFSDM1_FLT0_IRQHandler
                0x0000000008000300                I2C2_ER_IRQHandler
                0x0000000008000300                TIM8_BRK_IRQHandler
                0x0000000008000300                CAN1_SCE_IRQHandler
                0x0000000008000300                FLASH_IRQHandler
                0x0000000008000300                BusFault_Handler
                0x0000000008000300                USART1_IRQHandler
                0x0000000008000300                OTG_FS_IRQHandler
                0x0000000008000300                SPI3_IRQHandler
                0x0000000008000300                DMA2_CH6_IRQHandler
                0x0000000008000300                DMA2_CH3_IRQHandler
                0x0000000008000300                DMA2_CH2_IRQHandler
                0x0000000008000300                I2C1_ER_IRQHandler
                0x0000000008000300                FMC_IRQHandler
                0x0000000008000300                DMA1_CH5_IRQHandler
                0x0000000008000300                DMA2_CH4_IRQHandler
                0x0000000008000300                SWPMI1_IRQHandler
                0x0000000008000300                LPTIM1_IRQHandler
                0x0000000008000300                SAI1_IRQHandler
                0x0000000008000300                TIM1_BRK_TIM15_IRQHandler
 *fill*         0x0000000008000302        0x2 
 .text.GPIO_PeriClockControl
                0x0000000008000304       0xec drivers/Src/stm32l476xx_gpio_driver.o
                0x0000000008000304                GPIO_PeriClockControl
 .text.GPIO_Init
                0x00000000080003f0      0x450 drivers/Src/stm32l476xx_gpio_driver.o
                0x00000000080003f0                GPIO_Init
 .text.SPI_PeripheralControl
                0x0000000008000840       0x38 drivers/Src/stm32l476xx_gpio_driver.o
                0x0000000008000840                SPI_PeripheralControl
 .text.SPI_PeriClockControl
                0x0000000008000878       0x70 drivers/Src/stm32l476xx_spi_driver.o
                0x0000000008000878                SPI_PeriClockControl
 .text.SPI_Init
                0x00000000080008e8       0xa8 drivers/Src/stm32l476xx_spi_driver.o
                0x00000000080008e8                SPI_Init
 .text.SPI_GetFlagStatus
                0x0000000008000990       0x28 drivers/Src/stm32l476xx_spi_driver.o
                0x0000000008000990                SPI_GetFlagStatus
 .text.SPI_SendData
                0x00000000080009b8       0x6c drivers/Src/stm32l476xx_spi_driver.o
                0x00000000080009b8                SPI_SendData
 .text.__libc_init_array
                0x0000000008000a24       0x48 c:/st/stm32cubeide_1.4.0/stm32cubeide/plugins/com.st.stm32cube.ide.mcu.externaltools.gnu-tools-for-stm32.7-2018-q2-update.win32_1.4.0.202007081208/tools/bin/../lib/gcc/arm-none-eabi/7.3.1/../../../../arm-none-eabi/lib/thumb/v7e-m/fpv4-sp/hard\libc_nano.a(lib_a-init.o)
                0x0000000008000a24                __libc_init_array
 *(.glue_7)
 .glue_7        0x0000000008000a6c        0x0 linker stubs
 *(.glue_7t)
 .glue_7t       0x0000000008000a6c        0x0 linker stubs
 *(.eh_frame)
 .eh_frame      0x0000000008000a6c        0x0 c:/st/stm32cubeide_1.4.0/stm32cubeide/plugins/com.st.stm32cube.ide.mcu.externaltools.gnu-tools-for-stm32.7-2018-q2-update.win32_1.4.0.202007081208/tools/bin/../lib/gcc/arm-none-eabi/7.3.1/thumb/v7e-m/fpv4-sp/hard/crtbegin.o
 *(.init)
 .init          0x0000000008000a6c        0x4 c:/st/stm32cubeide_1.4.0/stm32cubeide/plugins/com.st.stm32cube.ide.mcu.externaltools.gnu-tools-for-stm32.7-2018-q2-update.win32_1.4.0.202007081208/tools/bin/../lib/gcc/arm-none-eabi/7.3.1/thumb/v7e-m/fpv4-sp/hard/crti.o
                0x0000000008000a6c                _init
 .init          0x0000000008000a70        0x8 c:/st/stm32cubeide_1.4.0/stm32cubeide/plugins/com.st.stm32cube.ide.mcu.externaltools.gnu-tools-for-stm32.7-2018-q2-update.win32_1.4.0.202007081208/tools/bin/../lib/gcc/arm-none-eabi/7.3.1/thumb/v7e-m/fpv4-sp/hard/crtn.o
 *(.fini)
 .fini          0x0000000008000a78        0x4 c:/st/stm32cubeide_1.4.0/stm32cubeide/plugins/com.st.stm32cube.ide.mcu.externaltools.gnu-tools-for-stm32.7-2018-q2-update.win32_1.4.0.202007081208/tools/bin/../lib/gcc/arm-none-eabi/7.3.1/thumb/v7e-m/fpv4-sp/hard/crti.o
                0x0000000008000a78                _fini
 .fini          0x0000000008000a7c        0x8 c:/st/stm32cubeide_1.4.0/stm32cubeide/plugins/com.st.stm32cube.ide.mcu.externaltools.gnu-tools-for-stm32.7-2018-q2-update.win32_1.4.0.202007081208/tools/bin/../lib/gcc/arm-none-eabi/7.3.1/thumb/v7e-m/fpv4-sp/hard/crtn.o
                0x0000000008000a84                . = ALIGN (0x4)
                0x0000000008000a84                _etext = .

.vfp11_veneer   0x0000000008000a84        0x0
 .vfp11_veneer  0x0000000008000a84        0x0 linker stubs

.v4_bx          0x0000000008000a84        0x0
 .v4_bx         0x0000000008000a84        0x0 linker stubs

.iplt           0x0000000008000a84        0x0
 .iplt          0x0000000008000a84        0x0 c:/st/stm32cubeide_1.4.0/stm32cubeide/plugins/com.st.stm32cube.ide.mcu.externaltools.gnu-tools-for-stm32.7-2018-q2-update.win32_1.4.0.202007081208/tools/bin/../lib/gcc/arm-none-eabi/7.3.1/thumb/v7e-m/fpv4-sp/hard/crtbegin.o

.rodata         0x0000000008000a84        0xc
                0x0000000008000a84                . = ALIGN (0x4)
 *(.rodata)
 .rodata        0x0000000008000a84        0xc Src/spi_tx_testing.o
 *(.rodata*)
                0x0000000008000a90                . = ALIGN (0x4)

.rel.dyn        0x0000000008000a90        0x0
 .rel.iplt      0x0000000008000a90        0x0 c:/st/stm32cubeide_1.4.0/stm32cubeide/plugins/com.st.stm32cube.ide.mcu.externaltools.gnu-tools-for-stm32.7-2018-q2-update.win32_1.4.0.202007081208/tools/bin/../lib/gcc/arm-none-eabi/7.3.1/thumb/v7e-m/fpv4-sp/hard/crtbegin.o

.ARM.extab      0x0000000008000a90        0x0
                0x0000000008000a90                . = ALIGN (0x4)
 *(.ARM.extab* .gnu.linkonce.armextab.*)
                0x0000000008000a90                . = ALIGN (0x4)

.ARM            0x0000000008000a90        0x0
                0x0000000008000a90                . = ALIGN (0x4)
                0x0000000008000a90                __exidx_start = .
 *(.ARM.exidx*)
                0x0000000008000a90                __exidx_end = .
                0x0000000008000a90                . = ALIGN (0x4)

.preinit_array  0x0000000008000a90        0x0
                0x0000000008000a90                . = ALIGN (0x4)
                0x0000000008000a90                PROVIDE (__preinit_array_start = .)
 *(.preinit_array*)
                0x0000000008000a90                PROVIDE (__preinit_array_end = .)
                0x0000000008000a90                . = ALIGN (0x4)

.init_array     0x0000000008000a90        0x4
                0x0000000008000a90                . = ALIGN (0x4)
                0x0000000008000a90                PROVIDE (__init_array_start = .)
 *(SORT_BY_NAME(.init_array.*))
 *(.init_array*)
 .init_array    0x0000000008000a90        0x4 c:/st/stm32cubeide_1.4.0/stm32cubeide/plugins/com.st.stm32cube.ide.mcu.externaltools.gnu-tools-for-stm32.7-2018-q2-update.win32_1.4.0.202007081208/tools/bin/../lib/gcc/arm-none-eabi/7.3.1/thumb/v7e-m/fpv4-sp/hard/crtbegin.o
                0x0000000008000a94                PROVIDE (__init_array_end = .)
                0x0000000008000a94                . = ALIGN (0x4)

.fini_array     0x0000000008000a94        0x4
                0x0000000008000a94                . = ALIGN (0x4)
                [!provide]                        PROVIDE (__fini_array_start = .)
 *(SORT_BY_NAME(.fini_array.*))
 *(.fini_array*)
 .fini_array    0x0000000008000a94        0x4 c:/st/stm32cubeide_1.4.0/stm32cubeide/plugins/com.st.stm32cube.ide.mcu.externaltools.gnu-tools-for-stm32.7-2018-q2-update.win32_1.4.0.202007081208/tools/bin/../lib/gcc/arm-none-eabi/7.3.1/thumb/v7e-m/fpv4-sp/hard/crtbegin.o
                [!provide]                        PROVIDE (__fini_array_end = .)
                0x0000000008000a98                . = ALIGN (0x4)
                0x0000000008000a98                _sidata = LOADADDR (.data)

.data           0x0000000020000000        0x0 load address 0x0000000008000a98
                0x0000000020000000                . = ALIGN (0x4)
                0x0000000020000000                _sdata = .
 *(.data)
 *(.data*)
                0x0000000020000000                . = ALIGN (0x4)
                0x0000000020000000                _edata = .

.igot.plt       0x0000000020000000        0x0 load address 0x0000000008000a98
 .igot.plt      0x0000000020000000        0x0 c:/st/stm32cubeide_1.4.0/stm32cubeide/plugins/com.st.stm32cube.ide.mcu.externaltools.gnu-tools-for-stm32.7-2018-q2-update.win32_1.4.0.202007081208/tools/bin/../lib/gcc/arm-none-eabi/7.3.1/thumb/v7e-m/fpv4-sp/hard/crtbegin.o
                0x0000000020000000                . = ALIGN (0x4)

.bss            0x0000000020000000       0x1c load address 0x0000000008000a98
                0x0000000020000000                _sbss = .
                0x0000000020000000                __bss_start__ = _sbss
 *(.bss)
 .bss           0x0000000020000000       0x1c c:/st/stm32cubeide_1.4.0/stm32cubeide/plugins/com.st.stm32cube.ide.mcu.externaltools.gnu-tools-for-stm32.7-2018-q2-update.win32_1.4.0.202007081208/tools/bin/../lib/gcc/arm-none-eabi/7.3.1/thumb/v7e-m/fpv4-sp/hard/crtbegin.o
 *(.bss*)
 *(COMMON)
                0x000000002000001c                . = ALIGN (0x4)
                0x000000002000001c                _ebss = .
                0x000000002000001c                __bss_end__ = _ebss

._user_heap_stack
                0x000000002000001c      0x604 load address 0x0000000008000a98
                0x0000000020000020                . = ALIGN (0x8)
 *fill*         0x000000002000001c        0x4 
                [!provide]                        PROVIDE (end = .)
                0x0000000020000020                PROVIDE (_end = .)
                0x0000000020000220                . = (. + _Min_Heap_Size)
 *fill*         0x0000000020000020      0x200 
                0x0000000020000620                . = (. + _Min_Stack_Size)
 *fill*         0x0000000020000220      0x400 
                0x0000000020000620                . = ALIGN (0x8)

/DISCARD/
 libc.a(*)
 libm.a(*)
 libgcc.a(*)

.ARM.attributes
                0x0000000000000000       0x30
 *(.ARM.attributes)
 .ARM.attributes
                0x0000000000000000       0x22 c:/st/stm32cubeide_1.4.0/stm32cubeide/plugins/com.st.stm32cube.ide.mcu.externaltools.gnu-tools-for-stm32.7-2018-q2-update.win32_1.4.0.202007081208/tools/bin/../lib/gcc/arm-none-eabi/7.3.1/thumb/v7e-m/fpv4-sp/hard/crti.o
 .ARM.attributes
                0x0000000000000022       0x34 c:/st/stm32cubeide_1.4.0/stm32cubeide/plugins/com.st.stm32cube.ide.mcu.externaltools.gnu-tools-for-stm32.7-2018-q2-update.win32_1.4.0.202007081208/tools/bin/../lib/gcc/arm-none-eabi/7.3.1/thumb/v7e-m/fpv4-sp/hard/crtbegin.o
 .ARM.attributes
                0x0000000000000056       0x39 Src/spi_tx_testing.o
 .ARM.attributes
                0x000000000000008f       0x21 Startup/startup_stm32l476rgtx.o
 .ARM.attributes
                0x00000000000000b0       0x39 drivers/Src/stm32l476xx_gpio_driver.o
 .ARM.attributes
                0x00000000000000e9       0x39 drivers/Src/stm32l476xx_spi_driver.o
 .ARM.attributes
                0x0000000000000122       0x34 c:/st/stm32cubeide_1.4.0/stm32cubeide/plugins/com.st.stm32cube.ide.mcu.externaltools.gnu-tools-for-stm32.7-2018-q2-update.win32_1.4.0.202007081208/tools/bin/../lib/gcc/arm-none-eabi/7.3.1/../../../../arm-none-eabi/lib/thumb/v7e-m/fpv4-sp/hard\libc_nano.a(lib_a-init.o)
 .ARM.attributes
                0x0000000000000156       0x1b c:/st/stm32cubeide_1.4.0/stm32cubeide/plugins/com.st.stm32cube.ide.mcu.externaltools.gnu-tools-for-stm32.7-2018-q2-update.win32_1.4.0.202007081208/tools/bin/../lib/gcc/arm-none-eabi/7.3.1/../../../../arm-none-eabi/lib/thumb/v7e-m/fpv4-sp/hard\libc_nano.a(lib_a-strlen.o)
 .ARM.attributes
                0x0000000000000171       0x22 c:/st/stm32cubeide_1.4.0/stm32cubeide/plugins/com.st.stm32cube.ide.mcu.externaltools.gnu-tools-for-stm32.7-2018-q2-update.win32_1.4.0.202007081208/tools/bin/../lib/gcc/arm-none-eabi/7.3.1/thumb/v7e-m/fpv4-sp/hard/crtn.o
OUTPUT(stm32l4xx_drivers.elf elf32-littlearm)

.debug_info     0x0000000000000000     0x196d
 .debug_info    0x0000000000000000      0xb68 Src/spi_tx_testing.o
 .debug_info    0x0000000000000b68       0x22 Startup/startup_stm32l476rgtx.o
 .debug_info    0x0000000000000b8a      0x86b drivers/Src/stm32l476xx_gpio_driver.o
 .debug_info    0x00000000000013f5      0x578 drivers/Src/stm32l476xx_spi_driver.o

.debug_abbrev   0x0000000000000000      0x433
 .debug_abbrev  0x0000000000000000      0x1ad Src/spi_tx_testing.o
 .debug_abbrev  0x00000000000001ad       0x12 Startup/startup_stm32l476rgtx.o
 .debug_abbrev  0x00000000000001bf      0x16a drivers/Src/stm32l476xx_gpio_driver.o
 .debug_abbrev  0x0000000000000329      0x10a drivers/Src/stm32l476xx_spi_driver.o

.debug_aranges  0x0000000000000000      0x130
 .debug_aranges
                0x0000000000000000       0x30 Src/spi_tx_testing.o
 .debug_aranges
                0x0000000000000030       0x28 Startup/startup_stm32l476rgtx.o
 .debug_aranges
                0x0000000000000058       0x78 drivers/Src/stm32l476xx_gpio_driver.o
 .debug_aranges
                0x00000000000000d0       0x60 drivers/Src/stm32l476xx_spi_driver.o

.debug_ranges   0x0000000000000000       0xf8
 .debug_ranges  0x0000000000000000       0x20 Src/spi_tx_testing.o
 .debug_ranges  0x0000000000000020       0x20 Startup/startup_stm32l476rgtx.o
 .debug_ranges  0x0000000000000040       0x68 drivers/Src/stm32l476xx_gpio_driver.o
 .debug_ranges  0x00000000000000a8       0x50 drivers/Src/stm32l476xx_spi_driver.o

.debug_macro    0x0000000000000000     0x248d
 .debug_macro   0x0000000000000000      0x21b Src/spi_tx_testing.o
 .debug_macro   0x000000000000021b      0xa60 Src/spi_tx_testing.o
 .debug_macro   0x0000000000000c7b       0x22 Src/spi_tx_testing.o
 .debug_macro   0x0000000000000c9d       0x8e Src/spi_tx_testing.o
 .debug_macro   0x0000000000000d2b       0x51 Src/spi_tx_testing.o
 .debug_macro   0x0000000000000d7c       0xef Src/spi_tx_testing.o
 .debug_macro   0x0000000000000e6b       0x6a Src/spi_tx_testing.o
 .debug_macro   0x0000000000000ed5      0x1df Src/spi_tx_testing.o
 .debug_macro   0x00000000000010b4      0x498 Src/spi_tx_testing.o
 .debug_macro   0x000000000000154c       0xc4 Src/spi_tx_testing.o
 .debug_macro   0x0000000000001610       0x8e Src/spi_tx_testing.o
 .debug_macro   0x000000000000169e       0x46 Src/spi_tx_testing.o
 .debug_macro   0x00000000000016e4       0x18 Src/spi_tx_testing.o
 .debug_macro   0x00000000000016fc       0x3c Src/spi_tx_testing.o
 .debug_macro   0x0000000000001738       0x34 Src/spi_tx_testing.o
 .debug_macro   0x000000000000176c       0x16 Src/spi_tx_testing.o
 .debug_macro   0x0000000000001782       0x97 Src/spi_tx_testing.o
 .debug_macro   0x0000000000001819      0x330 Src/spi_tx_testing.o
 .debug_macro   0x0000000000001b49       0xfd Src/spi_tx_testing.o
 .debug_macro   0x0000000000001c46       0x10 Src/spi_tx_testing.o
 .debug_macro   0x0000000000001c56       0x52 Src/spi_tx_testing.o
 .debug_macro   0x0000000000001ca8       0x1f Src/spi_tx_testing.o
 .debug_macro   0x0000000000001cc7       0x43 Src/spi_tx_testing.o
 .debug_macro   0x0000000000001d0a       0x20 Src/spi_tx_testing.o
 .debug_macro   0x0000000000001d2a      0x1a3 Src/spi_tx_testing.o
 .debug_macro   0x0000000000001ecd       0x10 Src/spi_tx_testing.o
 .debug_macro   0x0000000000001edd       0x1c Src/spi_tx_testing.o
 .debug_macro   0x0000000000001ef9       0x52 Src/spi_tx_testing.o
 .debug_macro   0x0000000000001f4b       0x40 Src/spi_tx_testing.o
 .debug_macro   0x0000000000001f8b       0x10 Src/spi_tx_testing.o
 .debug_macro   0x0000000000001f9b       0x40 Src/spi_tx_testing.o
 .debug_macro   0x0000000000001fdb       0xd7 Src/spi_tx_testing.o
 .debug_macro   0x00000000000020b2       0x1c Src/spi_tx_testing.o
 .debug_macro   0x00000000000020ce       0x3d Src/spi_tx_testing.o
 .debug_macro   0x000000000000210b       0x16 Src/spi_tx_testing.o
 .debug_macro   0x0000000000002121      0x145 Src/spi_tx_testing.o
 .debug_macro   0x0000000000002266       0x16 Src/spi_tx_testing.o
 .debug_macro   0x000000000000227c       0x35 Src/spi_tx_testing.o
 .debug_macro   0x00000000000022b1       0x20 Src/spi_tx_testing.o
 .debug_macro   0x00000000000022d1       0x9a drivers/Src/stm32l476xx_gpio_driver.o
 .debug_macro   0x000000000000236b       0x88 drivers/Src/stm32l476xx_gpio_driver.o
 .debug_macro   0x00000000000023f3       0x9a drivers/Src/stm32l476xx_spi_driver.o

.debug_line     0x0000000000000000     0x1214
 .debug_line    0x0000000000000000      0x669 Src/spi_tx_testing.o
 .debug_line    0x0000000000000669       0x84 Startup/startup_stm32l476rgtx.o
 .debug_line    0x00000000000006ed      0x63b drivers/Src/stm32l476xx_gpio_driver.o
 .debug_line    0x0000000000000d28      0x4ec drivers/Src/stm32l476xx_spi_driver.o

.debug_str      0x0000000000000000     0xa36f
 .debug_str     0x0000000000000000     0x9ee2 Src/spi_tx_testing.o
                                       0xa135 (size before relaxing)
 .debug_str     0x0000000000009ee2       0x31 Startup/startup_stm32l476rgtx.o
                                         0x70 (size before relaxing)
 .debug_str     0x0000000000009f13      0x367 drivers/Src/stm32l476xx_gpio_driver.o
                                       0x5f65 (size before relaxing)
 .debug_str     0x000000000000a27a       0xf5 drivers/Src/stm32l476xx_spi_driver.o
                                       0x5df8 (size before relaxing)

.comment        0x0000000000000000       0x7b
 .comment       0x0000000000000000       0x7b Src/spi_tx_testing.o
                                         0x7c (size before relaxing)
 .comment       0x000000000000007b       0x7c drivers/Src/stm32l476xx_gpio_driver.o
 .comment       0x000000000000007b       0x7c drivers/Src/stm32l476xx_spi_driver.o

.debug_frame    0x0000000000000000      0x404
 .debug_frame   0x0000000000000000       0x78 Src/spi_tx_testing.o
 .debug_frame   0x0000000000000078      0x1f0 drivers/Src/stm32l476xx_gpio_driver.o
 .debug_frame   0x0000000000000268      0x170 drivers/Src/stm32l476xx_spi_driver.o
 .debug_frame   0x00000000000003d8       0x2c c:/st/stm32cubeide_1.4.0/stm32cubeide/plugins/com.st.stm32cube.ide.mcu.externaltools.gnu-tools-for-stm32.7-2018-q2-update.win32_1.4.0.202007081208/tools/bin/../lib/gcc/arm-none-eabi/7.3.1/../../../../arm-none-eabi/lib/thumb/v7e-m/fpv4-sp/hard\libc_nano.a(lib_a-init.o)
