Archive member included to satisfy reference by file (symbol)

c:/st/stm32cubeide_1.4.0/stm32cubeide/plugins/com.st.stm32cube.ide.mcu.externaltools.gnu-tools-for-stm32.7-2018-q2-update.win32_1.4.0.202007081208/tools/bin/../lib/gcc/arm-none-eabi/7.3.1/../../../../arm-none-eabi/lib/thumb/v7e-m/fpv4-sp/hard\libc_nano.a(lib_a-exit.o)
                              c:/st/stm32cubeide_1.4.0/stm32cubeide/plugins/com.st.stm32cube.ide.mcu.externaltools.gnu-tools-for-stm32.7-2018-q2-update.win32_1.4.0.202007081208/tools/bin/../lib/gcc/arm-none-eabi/7.3.1/../../../../arm-none-eabi/lib/thumb/v7e-m/fpv4-sp/hard/crt0.o (exit)
c:/st/stm32cubeide_1.4.0/stm32cubeide/plugins/com.st.stm32cube.ide.mcu.externaltools.gnu-tools-for-stm32.7-2018-q2-update.win32_1.4.0.202007081208/tools/bin/../lib/gcc/arm-none-eabi/7.3.1/../../../../arm-none-eabi/lib/thumb/v7e-m/fpv4-sp/hard\libc_nano.a(lib_a-impure.o)
                              c:/st/stm32cubeide_1.4.0/stm32cubeide/plugins/com.st.stm32cube.ide.mcu.externaltools.gnu-tools-for-stm32.7-2018-q2-update.win32_1.4.0.202007081208/tools/bin/../lib/gcc/arm-none-eabi/7.3.1/../../../../arm-none-eabi/lib/thumb/v7e-m/fpv4-sp/hard\libc_nano.a(lib_a-exit.o) (_global_impure_ptr)
c:/st/stm32cubeide_1.4.0/stm32cubeide/plugins/com.st.stm32cube.ide.mcu.externaltools.gnu-tools-for-stm32.7-2018-q2-update.win32_1.4.0.202007081208/tools/bin/../lib/gcc/arm-none-eabi/7.3.1/../../../../arm-none-eabi/lib/thumb/v7e-m/fpv4-sp/hard\libc_nano.a(lib_a-init.o)
                              c:/st/stm32cubeide_1.4.0/stm32cubeide/plugins/com.st.stm32cube.ide.mcu.externaltools.gnu-tools-for-stm32.7-2018-q2-update.win32_1.4.0.202007081208/tools/bin/../lib/gcc/arm-none-eabi/7.3.1/../../../../arm-none-eabi/lib/thumb/v7e-m/fpv4-sp/hard/crt0.o (__libc_init_array)
c:/st/stm32cubeide_1.4.0/stm32cubeide/plugins/com.st.stm32cube.ide.mcu.externaltools.gnu-tools-for-stm32.7-2018-q2-update.win32_1.4.0.202007081208/tools/bin/../lib/gcc/arm-none-eabi/7.3.1/../../../../arm-none-eabi/lib/thumb/v7e-m/fpv4-sp/hard\libc_nano.a(lib_a-memset.o)
                              c:/st/stm32cubeide_1.4.0/stm32cubeide/plugins/com.st.stm32cube.ide.mcu.externaltools.gnu-tools-for-stm32.7-2018-q2-update.win32_1.4.0.202007081208/tools/bin/../lib/gcc/arm-none-eabi/7.3.1/../../../../arm-none-eabi/lib/thumb/v7e-m/fpv4-sp/hard/crt0.o (memset)
c:/st/stm32cubeide_1.4.0/stm32cubeide/plugins/com.st.stm32cube.ide.mcu.externaltools.gnu-tools-for-stm32.7-2018-q2-update.win32_1.4.0.202007081208/tools/bin/../lib/gcc/arm-none-eabi/7.3.1/../../../../arm-none-eabi/lib/thumb/v7e-m/fpv4-sp/hard\libnosys.a(_exit.o)
                              c:/st/stm32cubeide_1.4.0/stm32cubeide/plugins/com.st.stm32cube.ide.mcu.externaltools.gnu-tools-for-stm32.7-2018-q2-update.win32_1.4.0.202007081208/tools/bin/../lib/gcc/arm-none-eabi/7.3.1/../../../../arm-none-eabi/lib/thumb/v7e-m/fpv4-sp/hard\libc_nano.a(lib_a-exit.o) (_exit)

Discarded input sections

 .text          0x0000000000000000        0x0 c:/st/stm32cubeide_1.4.0/stm32cubeide/plugins/com.st.stm32cube.ide.mcu.externaltools.gnu-tools-for-stm32.7-2018-q2-update.win32_1.4.0.202007081208/tools/bin/../lib/gcc/arm-none-eabi/7.3.1/thumb/v7e-m/fpv4-sp/hard/crti.o
 .data          0x0000000000000000        0x0 c:/st/stm32cubeide_1.4.0/stm32cubeide/plugins/com.st.stm32cube.ide.mcu.externaltools.gnu-tools-for-stm32.7-2018-q2-update.win32_1.4.0.202007081208/tools/bin/../lib/gcc/arm-none-eabi/7.3.1/thumb/v7e-m/fpv4-sp/hard/crti.o
 .bss           0x0000000000000000        0x0 c:/st/stm32cubeide_1.4.0/stm32cubeide/plugins/com.st.stm32cube.ide.mcu.externaltools.gnu-tools-for-stm32.7-2018-q2-update.win32_1.4.0.202007081208/tools/bin/../lib/gcc/arm-none-eabi/7.3.1/thumb/v7e-m/fpv4-sp/hard/crti.o
 .data          0x0000000000000000        0x4 c:/st/stm32cubeide_1.4.0/stm32cubeide/plugins/com.st.stm32cube.ide.mcu.externaltools.gnu-tools-for-stm32.7-2018-q2-update.win32_1.4.0.202007081208/tools/bin/../lib/gcc/arm-none-eabi/7.3.1/thumb/v7e-m/fpv4-sp/hard/crtbegin.o
 .text          0x0000000000000000       0x74 c:/st/stm32cubeide_1.4.0/stm32cubeide/plugins/com.st.stm32cube.ide.mcu.externaltools.gnu-tools-for-stm32.7-2018-q2-update.win32_1.4.0.202007081208/tools/bin/../lib/gcc/arm-none-eabi/7.3.1/../../../../arm-none-eabi/lib/thumb/v7e-m/fpv4-sp/hard/crt0.o
 .data          0x0000000000000000        0x0 c:/st/stm32cubeide_1.4.0/stm32cubeide/plugins/com.st.stm32cube.ide.mcu.externaltools.gnu-tools-for-stm32.7-2018-q2-update.win32_1.4.0.202007081208/tools/bin/../lib/gcc/arm-none-eabi/7.3.1/../../../../arm-none-eabi/lib/thumb/v7e-m/fpv4-sp/hard/crt0.o
 .bss           0x0000000000000000        0x0 c:/st/stm32cubeide_1.4.0/stm32cubeide/plugins/com.st.stm32cube.ide.mcu.externaltools.gnu-tools-for-stm32.7-2018-q2-update.win32_1.4.0.202007081208/tools/bin/../lib/gcc/arm-none-eabi/7.3.1/../../../../arm-none-eabi/lib/thumb/v7e-m/fpv4-sp/hard/crt0.o
 .ARM.extab     0x0000000000000000        0x0 c:/st/stm32cubeide_1.4.0/stm32cubeide/plugins/com.st.stm32cube.ide.mcu.externaltools.gnu-tools-for-stm32.7-2018-q2-update.win32_1.4.0.202007081208/tools/bin/../lib/gcc/arm-none-eabi/7.3.1/../../../../arm-none-eabi/lib/thumb/v7e-m/fpv4-sp/hard/crt0.o
 .ARM.exidx     0x0000000000000000        0x8 c:/st/stm32cubeide_1.4.0/stm32cubeide/plugins/com.st.stm32cube.ide.mcu.externaltools.gnu-tools-for-stm32.7-2018-q2-update.win32_1.4.0.202007081208/tools/bin/../lib/gcc/arm-none-eabi/7.3.1/../../../../arm-none-eabi/lib/thumb/v7e-m/fpv4-sp/hard/crt0.o
 .ARM.attributes
                0x0000000000000000       0x20 c:/st/stm32cubeide_1.4.0/stm32cubeide/plugins/com.st.stm32cube.ide.mcu.externaltools.gnu-tools-for-stm32.7-2018-q2-update.win32_1.4.0.202007081208/tools/bin/../lib/gcc/arm-none-eabi/7.3.1/../../../../arm-none-eabi/lib/thumb/v7e-m/fpv4-sp/hard/crt0.o
 .group         0x0000000000000000        0xc Src/spi_cmd_handling.o
 .group         0x0000000000000000        0xc Src/spi_cmd_handling.o
 .group         0x0000000000000000        0xc Src/spi_cmd_handling.o
 .group         0x0000000000000000        0xc Src/spi_cmd_handling.o
 .group         0x0000000000000000        0xc Src/spi_cmd_handling.o
 .group         0x0000000000000000        0xc Src/spi_cmd_handling.o
 .group         0x0000000000000000        0xc Src/spi_cmd_handling.o
 .group         0x0000000000000000        0xc Src/spi_cmd_handling.o
 .group         0x0000000000000000        0xc Src/spi_cmd_handling.o
 .group         0x0000000000000000        0xc Src/spi_cmd_handling.o
 .group         0x0000000000000000        0xc Src/spi_cmd_handling.o
 .group         0x0000000000000000        0xc Src/spi_cmd_handling.o
 .group         0x0000000000000000        0xc Src/spi_cmd_handling.o
 .group         0x0000000000000000        0xc Src/spi_cmd_handling.o
 .group         0x0000000000000000        0xc Src/spi_cmd_handling.o
 .group         0x0000000000000000        0xc Src/spi_cmd_handling.o
 .group         0x0000000000000000        0xc Src/spi_cmd_handling.o
 .group         0x0000000000000000        0xc Src/spi_cmd_handling.o
 .group         0x0000000000000000        0xc Src/spi_cmd_handling.o
 .group         0x0000000000000000        0xc Src/spi_cmd_handling.o
 .group         0x0000000000000000        0xc Src/spi_cmd_handling.o
 .group         0x0000000000000000        0xc Src/spi_cmd_handling.o
 .group         0x0000000000000000        0xc Src/spi_cmd_handling.o
 .group         0x0000000000000000        0xc Src/spi_cmd_handling.o
 .group         0x0000000000000000        0xc Src/spi_cmd_handling.o
 .group         0x0000000000000000        0xc Src/spi_cmd_handling.o
 .group         0x0000000000000000        0xc Src/spi_cmd_handling.o
 .group         0x0000000000000000        0xc Src/spi_cmd_handling.o
 .group         0x0000000000000000        0xc Src/spi_cmd_handling.o
 .group         0x0000000000000000        0xc Src/spi_cmd_handling.o
 .group         0x0000000000000000        0xc Src/spi_cmd_handling.o
 .group         0x0000000000000000        0xc Src/spi_cmd_handling.o
 .group         0x0000000000000000        0xc Src/spi_cmd_handling.o
 .group         0x0000000000000000        0xc Src/spi_cmd_handling.o
 .group         0x0000000000000000        0xc Src/spi_cmd_handling.o
 .group         0x0000000000000000        0xc Src/spi_cmd_handling.o
 .group         0x0000000000000000        0xc Src/spi_cmd_handling.o
 .group         0x0000000000000000        0xc Src/spi_cmd_handling.o
 .text          0x0000000000000000        0x0 Src/spi_cmd_handling.o
 .data          0x0000000000000000        0x0 Src/spi_cmd_handling.o
 .bss           0x0000000000000000        0x0 Src/spi_cmd_handling.o
 .text.User_button_Inits
                0x0000000000000000       0x30 Src/spi_cmd_handling.o
 .text          0x0000000000000000       0x14 Startup/startup_stm32l476rgtx.o
 .data          0x0000000000000000        0x0 Startup/startup_stm32l476rgtx.o
 .bss           0x0000000000000000        0x0 Startup/startup_stm32l476rgtx.o
 .group         0x0000000000000000        0xc drivers/Src/stm32l476xx_gpio_driver.o
 .group         0x0000000000000000        0xc drivers/Src/stm32l476xx_gpio_driver.o
 .group         0x0000000000000000        0xc drivers/Src/stm32l476xx_gpio_driver.o
 .group         0x0000000000000000        0xc drivers/Src/stm32l476xx_gpio_driver.o
 .group         0x0000000000000000        0xc drivers/Src/stm32l476xx_gpio_driver.o
 .group         0x0000000000000000        0xc drivers/Src/stm32l476xx_gpio_driver.o
 .group         0x0000000000000000        0xc drivers/Src/stm32l476xx_gpio_driver.o
 .group         0x0000000000000000        0xc drivers/Src/stm32l476xx_gpio_driver.o
 .group         0x0000000000000000        0xc drivers/Src/stm32l476xx_gpio_driver.o
 .group         0x0000000000000000        0xc drivers/Src/stm32l476xx_gpio_driver.o
 .text          0x0000000000000000        0x0 drivers/Src/stm32l476xx_gpio_driver.o
 .data          0x0000000000000000        0x0 drivers/Src/stm32l476xx_gpio_driver.o
 .bss           0x0000000000000000        0x0 drivers/Src/stm32l476xx_gpio_driver.o
 .text.GPIO_DeInit
                0x0000000000000000      0x144 drivers/Src/stm32l476xx_gpio_driver.o
 .text.GPIO_ReadFromInputPort
                0x0000000000000000       0x1c drivers/Src/stm32l476xx_gpio_driver.o
 .text.GPIO_WriteToOutputPort
                0x0000000000000000       0x1e drivers/Src/stm32l476xx_gpio_driver.o
 .text.GPIO_ToggleOutputPin
                0x0000000000000000       0x2a drivers/Src/stm32l476xx_gpio_driver.o
 .text.GPIO_IRQInterruptConfig
                0x0000000000000000      0x10c drivers/Src/stm32l476xx_gpio_driver.o
 .text.GPIO_IRQPriorityConfig
                0x0000000000000000       0x5c drivers/Src/stm32l476xx_gpio_driver.o
 .text.GPIO_IRQHandling
                0x0000000000000000       0x78 drivers/Src/stm32l476xx_gpio_driver.o
 .debug_macro   0x0000000000000000      0xa60 drivers/Src/stm32l476xx_gpio_driver.o
 .debug_macro   0x0000000000000000       0x22 drivers/Src/stm32l476xx_gpio_driver.o
 .debug_macro   0x0000000000000000       0x8e drivers/Src/stm32l476xx_gpio_driver.o
 .debug_macro   0x0000000000000000       0x51 drivers/Src/stm32l476xx_gpio_driver.o
 .debug_macro   0x0000000000000000       0xef drivers/Src/stm32l476xx_gpio_driver.o
 .debug_macro   0x0000000000000000       0x6a drivers/Src/stm32l476xx_gpio_driver.o
 .debug_macro   0x0000000000000000      0x1df drivers/Src/stm32l476xx_gpio_driver.o
 .debug_macro   0x0000000000000000      0x498 drivers/Src/stm32l476xx_gpio_driver.o
 .debug_macro   0x0000000000000000       0xc4 drivers/Src/stm32l476xx_gpio_driver.o
 .group         0x0000000000000000        0xc drivers/Src/stm32l476xx_spi_driver.o
 .group         0x0000000000000000        0xc drivers/Src/stm32l476xx_spi_driver.o
 .group         0x0000000000000000        0xc drivers/Src/stm32l476xx_spi_driver.o
 .group         0x0000000000000000        0xc drivers/Src/stm32l476xx_spi_driver.o
 .group         0x0000000000000000        0xc drivers/Src/stm32l476xx_spi_driver.o
 .group         0x0000000000000000        0xc drivers/Src/stm32l476xx_spi_driver.o
 .group         0x0000000000000000        0xc drivers/Src/stm32l476xx_spi_driver.o
 .group         0x0000000000000000        0xc drivers/Src/stm32l476xx_spi_driver.o
 .group         0x0000000000000000        0xc drivers/Src/stm32l476xx_spi_driver.o
 .group         0x0000000000000000        0xc drivers/Src/stm32l476xx_spi_driver.o
 .text          0x0000000000000000        0x0 drivers/Src/stm32l476xx_spi_driver.o
 .data          0x0000000000000000        0x0 drivers/Src/stm32l476xx_spi_driver.o
 .bss           0x0000000000000000        0x0 drivers/Src/stm32l476xx_spi_driver.o
 .text.SPI_DeInit
                0x0000000000000000       0x88 drivers/Src/stm32l476xx_spi_driver.o
 .text.SPI_IRQInterruptConfig
                0x0000000000000000       0x1c drivers/Src/stm32l476xx_spi_driver.o
 .text.SPI_IRQPriorityConfig
                0x0000000000000000       0x1c drivers/Src/stm32l476xx_spi_driver.o
 .text.SPI_IRQHandling
                0x0000000000000000       0x14 drivers/Src/stm32l476xx_spi_driver.o
 .text.SPI_SSIConfig
                0x0000000000000000       0x38 drivers/Src/stm32l476xx_spi_driver.o
 .debug_macro   0x0000000000000000      0xa60 drivers/Src/stm32l476xx_spi_driver.o
 .debug_macro   0x0000000000000000       0x22 drivers/Src/stm32l476xx_spi_driver.o
 .debug_macro   0x0000000000000000       0x8e drivers/Src/stm32l476xx_spi_driver.o
 .debug_macro   0x0000000000000000       0x51 drivers/Src/stm32l476xx_spi_driver.o
 .debug_macro   0x0000000000000000       0xef drivers/Src/stm32l476xx_spi_driver.o
 .debug_macro   0x0000000000000000       0x6a drivers/Src/stm32l476xx_spi_driver.o
 .debug_macro   0x0000000000000000      0x1df drivers/Src/stm32l476xx_spi_driver.o
 .debug_macro   0x0000000000000000      0x498 drivers/Src/stm32l476xx_spi_driver.o
 .debug_macro   0x0000000000000000       0xc4 drivers/Src/stm32l476xx_spi_driver.o
 .debug_macro   0x0000000000000000       0x94 drivers/Src/stm32l476xx_spi_driver.o
 .text          0x0000000000000000        0x0 c:/st/stm32cubeide_1.4.0/stm32cubeide/plugins/com.st.stm32cube.ide.mcu.externaltools.gnu-tools-for-stm32.7-2018-q2-update.win32_1.4.0.202007081208/tools/bin/../lib/gcc/arm-none-eabi/7.3.1/../../../../arm-none-eabi/lib/thumb/v7e-m/fpv4-sp/hard\libc_nano.a(lib_a-exit.o)
 .data          0x0000000000000000        0x0 c:/st/stm32cubeide_1.4.0/stm32cubeide/plugins/com.st.stm32cube.ide.mcu.externaltools.gnu-tools-for-stm32.7-2018-q2-update.win32_1.4.0.202007081208/tools/bin/../lib/gcc/arm-none-eabi/7.3.1/../../../../arm-none-eabi/lib/thumb/v7e-m/fpv4-sp/hard\libc_nano.a(lib_a-exit.o)
 .bss           0x0000000000000000        0x0 c:/st/stm32cubeide_1.4.0/stm32cubeide/plugins/com.st.stm32cube.ide.mcu.externaltools.gnu-tools-for-stm32.7-2018-q2-update.win32_1.4.0.202007081208/tools/bin/../lib/gcc/arm-none-eabi/7.3.1/../../../../arm-none-eabi/lib/thumb/v7e-m/fpv4-sp/hard\libc_nano.a(lib_a-exit.o)
 .text.exit     0x0000000000000000       0x28 c:/st/stm32cubeide_1.4.0/stm32cubeide/plugins/com.st.stm32cube.ide.mcu.externaltools.gnu-tools-for-stm32.7-2018-q2-update.win32_1.4.0.202007081208/tools/bin/../lib/gcc/arm-none-eabi/7.3.1/../../../../arm-none-eabi/lib/thumb/v7e-m/fpv4-sp/hard\libc_nano.a(lib_a-exit.o)
 .debug_frame   0x0000000000000000       0x28 c:/st/stm32cubeide_1.4.0/stm32cubeide/plugins/com.st.stm32cube.ide.mcu.externaltools.gnu-tools-for-stm32.7-2018-q2-update.win32_1.4.0.202007081208/tools/bin/../lib/gcc/arm-none-eabi/7.3.1/../../../../arm-none-eabi/lib/thumb/v7e-m/fpv4-sp/hard\libc_nano.a(lib_a-exit.o)
 .ARM.attributes
                0x0000000000000000       0x34 c:/st/stm32cubeide_1.4.0/stm32cubeide/plugins/com.st.stm32cube.ide.mcu.externaltools.gnu-tools-for-stm32.7-2018-q2-update.win32_1.4.0.202007081208/tools/bin/../lib/gcc/arm-none-eabi/7.3.1/../../../../arm-none-eabi/lib/thumb/v7e-m/fpv4-sp/hard\libc_nano.a(lib_a-exit.o)
 .text          0x0000000000000000        0x0 c:/st/stm32cubeide_1.4.0/stm32cubeide/plugins/com.st.stm32cube.ide.mcu.externaltools.gnu-tools-for-stm32.7-2018-q2-update.win32_1.4.0.202007081208/tools/bin/../lib/gcc/arm-none-eabi/7.3.1/../../../../arm-none-eabi/lib/thumb/v7e-m/fpv4-sp/hard\libc_nano.a(lib_a-impure.o)
 .data          0x0000000000000000        0x0 c:/st/stm32cubeide_1.4.0/stm32cubeide/plugins/com.st.stm32cube.ide.mcu.externaltools.gnu-tools-for-stm32.7-2018-q2-update.win32_1.4.0.202007081208/tools/bin/../lib/gcc/arm-none-eabi/7.3.1/../../../../arm-none-eabi/lib/thumb/v7e-m/fpv4-sp/hard\libc_nano.a(lib_a-impure.o)
 .bss           0x0000000000000000        0x0 c:/st/stm32cubeide_1.4.0/stm32cubeide/plugins/com.st.stm32cube.ide.mcu.externaltools.gnu-tools-for-stm32.7-2018-q2-update.win32_1.4.0.202007081208/tools/bin/../lib/gcc/arm-none-eabi/7.3.1/../../../../arm-none-eabi/lib/thumb/v7e-m/fpv4-sp/hard\libc_nano.a(lib_a-impure.o)
 .data._impure_ptr
                0x0000000000000000        0x4 c:/st/stm32cubeide_1.4.0/stm32cubeide/plugins/com.st.stm32cube.ide.mcu.externaltools.gnu-tools-for-stm32.7-2018-q2-update.win32_1.4.0.202007081208/tools/bin/../lib/gcc/arm-none-eabi/7.3.1/../../../../arm-none-eabi/lib/thumb/v7e-m/fpv4-sp/hard\libc_nano.a(lib_a-impure.o)
 .data.impure_data
                0x0000000000000000       0x60 c:/st/stm32cubeide_1.4.0/stm32cubeide/plugins/com.st.stm32cube.ide.mcu.externaltools.gnu-tools-for-stm32.7-2018-q2-update.win32_1.4.0.202007081208/tools/bin/../lib/gcc/arm-none-eabi/7.3.1/../../../../arm-none-eabi/lib/thumb/v7e-m/fpv4-sp/hard\libc_nano.a(lib_a-impure.o)
 .rodata._global_impure_ptr
                0x0000000000000000        0x4 c:/st/stm32cubeide_1.4.0/stm32cubeide/plugins/com.st.stm32cube.ide.mcu.externaltools.gnu-tools-for-stm32.7-2018-q2-update.win32_1.4.0.202007081208/tools/bin/../lib/gcc/arm-none-eabi/7.3.1/../../../../arm-none-eabi/lib/thumb/v7e-m/fpv4-sp/hard\libc_nano.a(lib_a-impure.o)
 .ARM.attributes
                0x0000000000000000       0x34 c:/st/stm32cubeide_1.4.0/stm32cubeide/plugins/com.st.stm32cube.ide.mcu.externaltools.gnu-tools-for-stm32.7-2018-q2-update.win32_1.4.0.202007081208/tools/bin/../lib/gcc/arm-none-eabi/7.3.1/../../../../arm-none-eabi/lib/thumb/v7e-m/fpv4-sp/hard\libc_nano.a(lib_a-impure.o)
 .text          0x0000000000000000        0x0 c:/st/stm32cubeide_1.4.0/stm32cubeide/plugins/com.st.stm32cube.ide.mcu.externaltools.gnu-tools-for-stm32.7-2018-q2-update.win32_1.4.0.202007081208/tools/bin/../lib/gcc/arm-none-eabi/7.3.1/../../../../arm-none-eabi/lib/thumb/v7e-m/fpv4-sp/hard\libc_nano.a(lib_a-init.o)
 .data          0x0000000000000000        0x0 c:/st/stm32cubeide_1.4.0/stm32cubeide/plugins/com.st.stm32cube.ide.mcu.externaltools.gnu-tools-for-stm32.7-2018-q2-update.win32_1.4.0.202007081208/tools/bin/../lib/gcc/arm-none-eabi/7.3.1/../../../../arm-none-eabi/lib/thumb/v7e-m/fpv4-sp/hard\libc_nano.a(lib_a-init.o)
 .bss           0x0000000000000000        0x0 c:/st/stm32cubeide_1.4.0/stm32cubeide/plugins/com.st.stm32cube.ide.mcu.externaltools.gnu-tools-for-stm32.7-2018-q2-update.win32_1.4.0.202007081208/tools/bin/../lib/gcc/arm-none-eabi/7.3.1/../../../../arm-none-eabi/lib/thumb/v7e-m/fpv4-sp/hard\libc_nano.a(lib_a-init.o)
 .text          0x0000000000000000        0x0 c:/st/stm32cubeide_1.4.0/stm32cubeide/plugins/com.st.stm32cube.ide.mcu.externaltools.gnu-tools-for-stm32.7-2018-q2-update.win32_1.4.0.202007081208/tools/bin/../lib/gcc/arm-none-eabi/7.3.1/../../../../arm-none-eabi/lib/thumb/v7e-m/fpv4-sp/hard\libc_nano.a(lib_a-memset.o)
 .data          0x0000000000000000        0x0 c:/st/stm32cubeide_1.4.0/stm32cubeide/plugins/com.st.stm32cube.ide.mcu.externaltools.gnu-tools-for-stm32.7-2018-q2-update.win32_1.4.0.202007081208/tools/bin/../lib/gcc/arm-none-eabi/7.3.1/../../../../arm-none-eabi/lib/thumb/v7e-m/fpv4-sp/hard\libc_nano.a(lib_a-memset.o)
 .bss           0x0000000000000000        0x0 c:/st/stm32cubeide_1.4.0/stm32cubeide/plugins/com.st.stm32cube.ide.mcu.externaltools.gnu-tools-for-stm32.7-2018-q2-update.win32_1.4.0.202007081208/tools/bin/../lib/gcc/arm-none-eabi/7.3.1/../../../../arm-none-eabi/lib/thumb/v7e-m/fpv4-sp/hard\libc_nano.a(lib_a-memset.o)
 .text.memset   0x0000000000000000       0x10 c:/st/stm32cubeide_1.4.0/stm32cubeide/plugins/com.st.stm32cube.ide.mcu.externaltools.gnu-tools-for-stm32.7-2018-q2-update.win32_1.4.0.202007081208/tools/bin/../lib/gcc/arm-none-eabi/7.3.1/../../../../arm-none-eabi/lib/thumb/v7e-m/fpv4-sp/hard\libc_nano.a(lib_a-memset.o)
 .debug_frame   0x0000000000000000       0x20 c:/st/stm32cubeide_1.4.0/stm32cubeide/plugins/com.st.stm32cube.ide.mcu.externaltools.gnu-tools-for-stm32.7-2018-q2-update.win32_1.4.0.202007081208/tools/bin/../lib/gcc/arm-none-eabi/7.3.1/../../../../arm-none-eabi/lib/thumb/v7e-m/fpv4-sp/hard\libc_nano.a(lib_a-memset.o)
 .ARM.attributes
                0x0000000000000000       0x34 c:/st/stm32cubeide_1.4.0/stm32cubeide/plugins/com.st.stm32cube.ide.mcu.externaltools.gnu-tools-for-stm32.7-2018-q2-update.win32_1.4.0.202007081208/tools/bin/../lib/gcc/arm-none-eabi/7.3.1/../../../../arm-none-eabi/lib/thumb/v7e-m/fpv4-sp/hard\libc_nano.a(lib_a-memset.o)
 .text          0x0000000000000000        0x0 c:/st/stm32cubeide_1.4.0/stm32cubeide/plugins/com.st.stm32cube.ide.mcu.externaltools.gnu-tools-for-stm32.7-2018-q2-update.win32_1.4.0.202007081208/tools/bin/../lib/gcc/arm-none-eabi/7.3.1/../../../../arm-none-eabi/lib/thumb/v7e-m/fpv4-sp/hard\libnosys.a(_exit.o)
 .data          0x0000000000000000        0x0 c:/st/stm32cubeide_1.4.0/stm32cubeide/plugins/com.st.stm32cube.ide.mcu.externaltools.gnu-tools-for-stm32.7-2018-q2-update.win32_1.4.0.202007081208/tools/bin/../lib/gcc/arm-none-eabi/7.3.1/../../../../arm-none-eabi/lib/thumb/v7e-m/fpv4-sp/hard\libnosys.a(_exit.o)
 .bss           0x0000000000000000        0x0 c:/st/stm32cubeide_1.4.0/stm32cubeide/plugins/com.st.stm32cube.ide.mcu.externaltools.gnu-tools-for-stm32.7-2018-q2-update.win32_1.4.0.202007081208/tools/bin/../lib/gcc/arm-none-eabi/7.3.1/../../../../arm-none-eabi/lib/thumb/v7e-m/fpv4-sp/hard\libnosys.a(_exit.o)
 .text._exit    0x0000000000000000        0x2 c:/st/stm32cubeide_1.4.0/stm32cubeide/plugins/com.st.stm32cube.ide.mcu.externaltools.gnu-tools-for-stm32.7-2018-q2-update.win32_1.4.0.202007081208/tools/bin/../lib/gcc/arm-none-eabi/7.3.1/../../../../arm-none-eabi/lib/thumb/v7e-m/fpv4-sp/hard\libnosys.a(_exit.o)
 .debug_frame   0x0000000000000000       0x20 c:/st/stm32cubeide_1.4.0/stm32cubeide/plugins/com.st.stm32cube.ide.mcu.externaltools.gnu-tools-for-stm32.7-2018-q2-update.win32_1.4.0.202007081208/tools/bin/../lib/gcc/arm-none-eabi/7.3.1/../../../../arm-none-eabi/lib/thumb/v7e-m/fpv4-sp/hard\libnosys.a(_exit.o)
 .ARM.attributes
                0x0000000000000000       0x34 c:/st/stm32cubeide_1.4.0/stm32cubeide/plugins/com.st.stm32cube.ide.mcu.externaltools.gnu-tools-for-stm32.7-2018-q2-update.win32_1.4.0.202007081208/tools/bin/../lib/gcc/arm-none-eabi/7.3.1/../../../../arm-none-eabi/lib/thumb/v7e-m/fpv4-sp/hard\libnosys.a(_exit.o)
 .text          0x0000000000000000        0x0 c:/st/stm32cubeide_1.4.0/stm32cubeide/plugins/com.st.stm32cube.ide.mcu.externaltools.gnu-tools-for-stm32.7-2018-q2-update.win32_1.4.0.202007081208/tools/bin/../lib/gcc/arm-none-eabi/7.3.1/thumb/v7e-m/fpv4-sp/hard/crtend.o
 .data          0x0000000000000000        0x0 c:/st/stm32cubeide_1.4.0/stm32cubeide/plugins/com.st.stm32cube.ide.mcu.externaltools.gnu-tools-for-stm32.7-2018-q2-update.win32_1.4.0.202007081208/tools/bin/../lib/gcc/arm-none-eabi/7.3.1/thumb/v7e-m/fpv4-sp/hard/crtend.o
 .bss           0x0000000000000000        0x0 c:/st/stm32cubeide_1.4.0/stm32cubeide/plugins/com.st.stm32cube.ide.mcu.externaltools.gnu-tools-for-stm32.7-2018-q2-update.win32_1.4.0.202007081208/tools/bin/../lib/gcc/arm-none-eabi/7.3.1/thumb/v7e-m/fpv4-sp/hard/crtend.o
 .eh_frame      0x0000000000000000        0x4 c:/st/stm32cubeide_1.4.0/stm32cubeide/plugins/com.st.stm32cube.ide.mcu.externaltools.gnu-tools-for-stm32.7-2018-q2-update.win32_1.4.0.202007081208/tools/bin/../lib/gcc/arm-none-eabi/7.3.1/thumb/v7e-m/fpv4-sp/hard/crtend.o
 .ARM.attributes
                0x0000000000000000       0x34 c:/st/stm32cubeide_1.4.0/stm32cubeide/plugins/com.st.stm32cube.ide.mcu.externaltools.gnu-tools-for-stm32.7-2018-q2-update.win32_1.4.0.202007081208/tools/bin/../lib/gcc/arm-none-eabi/7.3.1/thumb/v7e-m/fpv4-sp/hard/crtend.o
 .text          0x0000000000000000        0x0 c:/st/stm32cubeide_1.4.0/stm32cubeide/plugins/com.st.stm32cube.ide.mcu.externaltools.gnu-tools-for-stm32.7-2018-q2-update.win32_1.4.0.202007081208/tools/bin/../lib/gcc/arm-none-eabi/7.3.1/thumb/v7e-m/fpv4-sp/hard/crtn.o
 .data          0x0000000000000000        0x0 c:/st/stm32cubeide_1.4.0/stm32cubeide/plugins/com.st.stm32cube.ide.mcu.externaltools.gnu-tools-for-stm32.7-2018-q2-update.win32_1.4.0.202007081208/tools/bin/../lib/gcc/arm-none-eabi/7.3.1/thumb/v7e-m/fpv4-sp/hard/crtn.o
 .bss           0x0000000000000000        0x0 c:/st/stm32cubeide_1.4.0/stm32cubeide/plugins/com.st.stm32cube.ide.mcu.externaltools.gnu-tools-for-stm32.7-2018-q2-update.win32_1.4.0.202007081208/tools/bin/../lib/gcc/arm-none-eabi/7.3.1/thumb/v7e-m/fpv4-sp/hard/crtn.o

Memory Configuration

Name             Origin             Length             Attributes
RAM              0x0000000020000000 0x0000000000018000 xrw
ROM              0x0000000008000000 0x0000000000100000 xr
*default*        0x0000000000000000 0xffffffffffffffff

Linker script and memory map

LOAD c:/st/stm32cubeide_1.4.0/stm32cubeide/plugins/com.st.stm32cube.ide.mcu.externaltools.gnu-tools-for-stm32.7-2018-q2-update.win32_1.4.0.202007081208/tools/bin/../lib/gcc/arm-none-eabi/7.3.1/thumb/v7e-m/fpv4-sp/hard/crti.o
LOAD c:/st/stm32cubeide_1.4.0/stm32cubeide/plugins/com.st.stm32cube.ide.mcu.externaltools.gnu-tools-for-stm32.7-2018-q2-update.win32_1.4.0.202007081208/tools/bin/../lib/gcc/arm-none-eabi/7.3.1/thumb/v7e-m/fpv4-sp/hard/crtbegin.o
LOAD c:/st/stm32cubeide_1.4.0/stm32cubeide/plugins/com.st.stm32cube.ide.mcu.externaltools.gnu-tools-for-stm32.7-2018-q2-update.win32_1.4.0.202007081208/tools/bin/../lib/gcc/arm-none-eabi/7.3.1/../../../../arm-none-eabi/lib/thumb/v7e-m/fpv4-sp/hard/crt0.o
LOAD Src/spi_cmd_handling.o
LOAD Startup/startup_stm32l476rgtx.o
LOAD drivers/Src/stm32l476xx_gpio_driver.o
LOAD drivers/Src/stm32l476xx_spi_driver.o
START GROUP
LOAD c:/st/stm32cubeide_1.4.0/stm32cubeide/plugins/com.st.stm32cube.ide.mcu.externaltools.gnu-tools-for-stm32.7-2018-q2-update.win32_1.4.0.202007081208/tools/bin/../lib/gcc/arm-none-eabi/7.3.1/../../../../arm-none-eabi/lib/thumb/v7e-m/fpv4-sp/hard\libc_nano.a
LOAD c:/st/stm32cubeide_1.4.0/stm32cubeide/plugins/com.st.stm32cube.ide.mcu.externaltools.gnu-tools-for-stm32.7-2018-q2-update.win32_1.4.0.202007081208/tools/bin/../lib/gcc/arm-none-eabi/7.3.1/../../../../arm-none-eabi/lib/thumb/v7e-m/fpv4-sp/hard\libm.a
END GROUP
START GROUP
LOAD c:/st/stm32cubeide_1.4.0/stm32cubeide/plugins/com.st.stm32cube.ide.mcu.externaltools.gnu-tools-for-stm32.7-2018-q2-update.win32_1.4.0.202007081208/tools/bin/../lib/gcc/arm-none-eabi/7.3.1/thumb/v7e-m/fpv4-sp/hard\libgcc.a
LOAD c:/st/stm32cubeide_1.4.0/stm32cubeide/plugins/com.st.stm32cube.ide.mcu.externaltools.gnu-tools-for-stm32.7-2018-q2-update.win32_1.4.0.202007081208/tools/bin/../lib/gcc/arm-none-eabi/7.3.1/../../../../arm-none-eabi/lib/thumb/v7e-m/fpv4-sp/hard\libc_nano.a
END GROUP
START GROUP
LOAD c:/st/stm32cubeide_1.4.0/stm32cubeide/plugins/com.st.stm32cube.ide.mcu.externaltools.gnu-tools-for-stm32.7-2018-q2-update.win32_1.4.0.202007081208/tools/bin/../lib/gcc/arm-none-eabi/7.3.1/thumb/v7e-m/fpv4-sp/hard\libgcc.a
LOAD c:/st/stm32cubeide_1.4.0/stm32cubeide/plugins/com.st.stm32cube.ide.mcu.externaltools.gnu-tools-for-stm32.7-2018-q2-update.win32_1.4.0.202007081208/tools/bin/../lib/gcc/arm-none-eabi/7.3.1/../../../../arm-none-eabi/lib/thumb/v7e-m/fpv4-sp/hard\libc_nano.a
LOAD c:/st/stm32cubeide_1.4.0/stm32cubeide/plugins/com.st.stm32cube.ide.mcu.externaltools.gnu-tools-for-stm32.7-2018-q2-update.win32_1.4.0.202007081208/tools/bin/../lib/gcc/arm-none-eabi/7.3.1/../../../../arm-none-eabi/lib/thumb/v7e-m/fpv4-sp/hard\libnosys.a
END GROUP
START GROUP
LOAD c:/st/stm32cubeide_1.4.0/stm32cubeide/plugins/com.st.stm32cube.ide.mcu.externaltools.gnu-tools-for-stm32.7-2018-q2-update.win32_1.4.0.202007081208/tools/bin/../lib/gcc/arm-none-eabi/7.3.1/thumb/v7e-m/fpv4-sp/hard\libgcc.a
LOAD c:/st/stm32cubeide_1.4.0/stm32cubeide/plugins/com.st.stm32cube.ide.mcu.externaltools.gnu-tools-for-stm32.7-2018-q2-update.win32_1.4.0.202007081208/tools/bin/../lib/gcc/arm-none-eabi/7.3.1/../../../../arm-none-eabi/lib/thumb/v7e-m/fpv4-sp/hard\libc_nano.a
LOAD c:/st/stm32cubeide_1.4.0/stm32cubeide/plugins/com.st.stm32cube.ide.mcu.externaltools.gnu-tools-for-stm32.7-2018-q2-update.win32_1.4.0.202007081208/tools/bin/../lib/gcc/arm-none-eabi/7.3.1/../../../../arm-none-eabi/lib/thumb/v7e-m/fpv4-sp/hard\libnosys.a
END GROUP
LOAD c:/st/stm32cubeide_1.4.0/stm32cubeide/plugins/com.st.stm32cube.ide.mcu.externaltools.gnu-tools-for-stm32.7-2018-q2-update.win32_1.4.0.202007081208/tools/bin/../lib/gcc/arm-none-eabi/7.3.1/thumb/v7e-m/fpv4-sp/hard/crtend.o
LOAD c:/st/stm32cubeide_1.4.0/stm32cubeide/plugins/com.st.stm32cube.ide.mcu.externaltools.gnu-tools-for-stm32.7-2018-q2-update.win32_1.4.0.202007081208/tools/bin/../lib/gcc/arm-none-eabi/7.3.1/thumb/v7e-m/fpv4-sp/hard/crtn.o
                0x0000000020018000                _estack = (ORIGIN (RAM) + LENGTH (RAM))
                0x0000000000000200                _Min_Heap_Size = 0x200
                0x0000000000000400                _Min_Stack_Size = 0x400

.isr_vector     0x0000000008000000      0x188
                0x0000000008000000                . = ALIGN (0x4)
 *(.isr_vector)
 .isr_vector    0x0000000008000000      0x188 Startup/startup_stm32l476rgtx.o
                0x0000000008000000                g_pfnVectors
                0x0000000008000188                . = ALIGN (0x4)

.text           0x0000000008000188      0xb54
                0x0000000008000188                . = ALIGN (0x4)
 *(.text)
 .text          0x0000000008000188       0x40 c:/st/stm32cubeide_1.4.0/stm32cubeide/plugins/com.st.stm32cube.ide.mcu.externaltools.gnu-tools-for-stm32.7-2018-q2-update.win32_1.4.0.202007081208/tools/bin/../lib/gcc/arm-none-eabi/7.3.1/thumb/v7e-m/fpv4-sp/hard/crtbegin.o
 *(.text*)
 .text.delay    0x00000000080001c8       0x2c Src/spi_cmd_handling.o
                0x00000000080001c8                delay
 .text.SPI2_GPIOInits
                0x00000000080001f4       0x5c Src/spi_cmd_handling.o
                0x00000000080001f4                SPI2_GPIOInits
 .text.SPI2_Inits
                0x0000000008000250       0x3c Src/spi_cmd_handling.o
                0x0000000008000250                SPI2_Inits
 .text.Ext_button_Inits
                0x000000000800028c       0x2c Src/spi_cmd_handling.o
                0x000000000800028c                Ext_button_Inits
 .text.Ext_LED_Inits
                0x00000000080002b8       0x34 Src/spi_cmd_handling.o
                0x00000000080002b8                Ext_LED_Inits
 .text.SPI_VerifyResponse
                0x00000000080002ec       0x22 Src/spi_cmd_handling.o
                0x00000000080002ec                SPI_VerifyResponse
 *fill*         0x000000000800030e        0x2 
 .text.main     0x0000000008000310       0xcc Src/spi_cmd_handling.o
                0x0000000008000310                main
 .text.Reset_Handler
                0x00000000080003dc       0x50 Startup/startup_stm32l476rgtx.o
                0x00000000080003dc                Reset_Handler
 .text.Default_Handler
                0x000000000800042c        0x2 Startup/startup_stm32l476rgtx.o
                0x000000000800042c                EXTI2_IRQHandler
                0x000000000800042c                TIM8_TRG_COM_IRQHandler
                0x000000000800042c                TIM8_CC_IRQHandler
                0x000000000800042c                DebugMon_Handler
                0x000000000800042c                DMA1_CH4_IRQHandler
                0x000000000800042c                TIM1_CC_IRQHandler
                0x000000000800042c                TSC_IRQHandler
                0x000000000800042c                HardFault_Handler
                0x000000000800042c                SysTick_Handler
                0x000000000800042c                TAMP_STAMP_IRQHandler
                0x000000000800042c                PendSV_Handler
                0x000000000800042c                NMI_Handler
                0x000000000800042c                EXTI3_IRQHandler
                0x000000000800042c                LPTIM2_IRQHandler
                0x000000000800042c                DFSDM1_FLT1_IRQHandler
                0x000000000800042c                I2C3_ER_IRQHandler
                0x000000000800042c                DFSDM1_FLT2_IRQHandler
                0x000000000800042c                TIM6_DACUNDER_IRQHandler
                0x000000000800042c                EXTI0_IRQHandler
                0x000000000800042c                I2C2_EV_IRQHandler
                0x000000000800042c                DMA2_CH1_IRQHandler
                0x000000000800042c                CAN1_RX0_IRQHandler
                0x000000000800042c                FPU_IRQHandler
                0x000000000800042c                TIM1_UP_TIM16_IRQHandler
                0x000000000800042c                DMA2_CH7_IRQHandler
                0x000000000800042c                UsageFault_Handler
                0x000000000800042c                ADC1_2_IRQHandler
                0x000000000800042c                SPI1_IRQHandler
                0x000000000800042c                DMA1_CH7_IRQHandler
                0x000000000800042c                TIM8_UP_IRQHandler
                0x000000000800042c                RTC_ALARM_IRQHandler
                0x000000000800042c                SAI2_IRQHandler
                0x000000000800042c                DFSDM1_FLT3_IRQHandler
                0x000000000800042c                DMA1_CH6_IRQHandler
                0x000000000800042c                USART3_IRQHandler
                0x000000000800042c                CAN1_RX1_IRQHandler
                0x000000000800042c                LCD_IRQHandler
                0x000000000800042c                UART5_IRQHandler
                0x000000000800042c                ADC3_IRQHandler
                0x000000000800042c                TIM4_IRQHandler
                0x000000000800042c                QUADSPI_IRQHandler
                0x000000000800042c                I2C1_EV_IRQHandler
                0x000000000800042c                DMA2_CH5_IRQHandler
                0x000000000800042c                UART4_IRQHandler
                0x000000000800042c                DMA1_CH3_IRQHandler
                0x000000000800042c                TIM3_IRQHandler
                0x000000000800042c                RCC_IRQHandler
                0x000000000800042c                Default_Handler
                0x000000000800042c                EXTI15_10_IRQHandler
                0x000000000800042c                TIM7_IRQHandler
                0x000000000800042c                SDMMC1_IRQHandler
                0x000000000800042c                TIM5_IRQHandler
                0x000000000800042c                I2C3_EV_IRQHandler
                0x000000000800042c                EXTI9_5_IRQHandler
                0x000000000800042c                DMA1_CH2_IRQHandler
                0x000000000800042c                RTC_WKUP_IRQHandler
                0x000000000800042c                PVD_PVM_IRQHandler
                0x000000000800042c                SPI2_IRQHandler
                0x000000000800042c                DMA1_CH1_IRQHandler
                0x000000000800042c                MemManage_Handler
                0x000000000800042c                CAN1_TX_IRQHandler
                0x000000000800042c                SVC_Handler
                0x000000000800042c                EXTI4_IRQHandler
                0x000000000800042c                RNG_IRQHandler
                0x000000000800042c                TIM1_TRG_COM_TIM17_IRQHandler
                0x000000000800042c                COMP_IRQHandler
                0x000000000800042c                WWDG_IRQHandler
                0x000000000800042c                LPUART1_IRQHandler
                0x000000000800042c                TIM2_IRQHandler
                0x000000000800042c                EXTI1_IRQHandler
                0x000000000800042c                AES_IRQHandler
                0x000000000800042c                USART2_IRQHandler
                0x000000000800042c                DFSDM1_FLT0_IRQHandler
                0x000000000800042c                I2C2_ER_IRQHandler
                0x000000000800042c                TIM8_BRK_IRQHandler
                0x000000000800042c                CAN1_SCE_IRQHandler
                0x000000000800042c                FLASH_IRQHandler
                0x000000000800042c                BusFault_Handler
                0x000000000800042c                USART1_IRQHandler
                0x000000000800042c                OTG_FS_IRQHandler
                0x000000000800042c                SPI3_IRQHandler
                0x000000000800042c                DMA2_CH6_IRQHandler
                0x000000000800042c                DMA2_CH3_IRQHandler
                0x000000000800042c                DMA2_CH2_IRQHandler
                0x000000000800042c                I2C1_ER_IRQHandler
                0x000000000800042c                FMC_IRQHandler
                0x000000000800042c                DMA1_CH5_IRQHandler
                0x000000000800042c                DMA2_CH4_IRQHandler
                0x000000000800042c                SWPMI1_IRQHandler
                0x000000000800042c                LPTIM1_IRQHandler
                0x000000000800042c                SAI1_IRQHandler
                0x000000000800042c                TIM1_BRK_TIM15_IRQHandler
 *fill*         0x000000000800042e        0x2 
 .text.GPIO_PeriClockControl
                0x0000000008000430       0xec drivers/Src/stm32l476xx_gpio_driver.o
                0x0000000008000430                GPIO_PeriClockControl
 .text.GPIO_Init
                0x000000000800051c      0x450 drivers/Src/stm32l476xx_gpio_driver.o
                0x000000000800051c                GPIO_Init
 .text.GPIO_ReadFromInputPin
                0x000000000800096c       0x2c drivers/Src/stm32l476xx_gpio_driver.o
                0x000000000800096c                GPIO_ReadFromInputPin
 .text.GPIO_WriteToOutputPin
                0x0000000008000998       0x4a drivers/Src/stm32l476xx_gpio_driver.o
                0x0000000008000998                GPIO_WriteToOutputPin
 *fill*         0x00000000080009e2        0x2 
 .text.SPI_PeriClockControl
                0x00000000080009e4       0x70 drivers/Src/stm32l476xx_spi_driver.o
                0x00000000080009e4                SPI_PeriClockControl
 .text.SPI_Init
                0x0000000008000a54       0xb6 drivers/Src/stm32l476xx_spi_driver.o
                0x0000000008000a54                SPI_Init
 .text.SPI_SendData
                0x0000000008000b0a       0x6c drivers/Src/stm32l476xx_spi_driver.o
                0x0000000008000b0a                SPI_SendData
 .text.SPI_ReceiveData
                0x0000000008000b76       0x6c drivers/Src/stm32l476xx_spi_driver.o
                0x0000000008000b76                SPI_ReceiveData
 .text.SPI_PeripheralControl
                0x0000000008000be2       0x38 drivers/Src/stm32l476xx_spi_driver.o
                0x0000000008000be2                SPI_PeripheralControl
 .text.SPI_SSOEConfig
                0x0000000008000c1a       0x38 drivers/Src/stm32l476xx_spi_driver.o
                0x0000000008000c1a                SPI_SSOEConfig
 .text.SPI_GetFlagStatus
                0x0000000008000c52       0x28 drivers/Src/stm32l476xx_spi_driver.o
                0x0000000008000c52                SPI_GetFlagStatus
 *fill*         0x0000000008000c7a        0x2 
 .text.__libc_init_array
                0x0000000008000c7c       0x48 c:/st/stm32cubeide_1.4.0/stm32cubeide/plugins/com.st.stm32cube.ide.mcu.externaltools.gnu-tools-for-stm32.7-2018-q2-update.win32_1.4.0.202007081208/tools/bin/../lib/gcc/arm-none-eabi/7.3.1/../../../../arm-none-eabi/lib/thumb/v7e-m/fpv4-sp/hard\libc_nano.a(lib_a-init.o)
                0x0000000008000c7c                __libc_init_array
 *(.glue_7)
 .glue_7        0x0000000008000cc4        0x0 linker stubs
 *(.glue_7t)
 .glue_7t       0x0000000008000cc4        0x0 linker stubs
 *(.eh_frame)
 .eh_frame      0x0000000008000cc4        0x0 c:/st/stm32cubeide_1.4.0/stm32cubeide/plugins/com.st.stm32cube.ide.mcu.externaltools.gnu-tools-for-stm32.7-2018-q2-update.win32_1.4.0.202007081208/tools/bin/../lib/gcc/arm-none-eabi/7.3.1/thumb/v7e-m/fpv4-sp/hard/crtbegin.o
 *(.init)
 .init          0x0000000008000cc4        0x4 c:/st/stm32cubeide_1.4.0/stm32cubeide/plugins/com.st.stm32cube.ide.mcu.externaltools.gnu-tools-for-stm32.7-2018-q2-update.win32_1.4.0.202007081208/tools/bin/../lib/gcc/arm-none-eabi/7.3.1/thumb/v7e-m/fpv4-sp/hard/crti.o
                0x0000000008000cc4                _init
 .init          0x0000000008000cc8        0x8 c:/st/stm32cubeide_1.4.0/stm32cubeide/plugins/com.st.stm32cube.ide.mcu.externaltools.gnu-tools-for-stm32.7-2018-q2-update.win32_1.4.0.202007081208/tools/bin/../lib/gcc/arm-none-eabi/7.3.1/thumb/v7e-m/fpv4-sp/hard/crtn.o
 *(.fini)
 .fini          0x0000000008000cd0        0x4 c:/st/stm32cubeide_1.4.0/stm32cubeide/plugins/com.st.stm32cube.ide.mcu.externaltools.gnu-tools-for-stm32.7-2018-q2-update.win32_1.4.0.202007081208/tools/bin/../lib/gcc/arm-none-eabi/7.3.1/thumb/v7e-m/fpv4-sp/hard/crti.o
                0x0000000008000cd0                _fini
 .fini          0x0000000008000cd4        0x8 c:/st/stm32cubeide_1.4.0/stm32cubeide/plugins/com.st.stm32cube.ide.mcu.externaltools.gnu-tools-for-stm32.7-2018-q2-update.win32_1.4.0.202007081208/tools/bin/../lib/gcc/arm-none-eabi/7.3.1/thumb/v7e-m/fpv4-sp/hard/crtn.o
                0x0000000008000cdc                . = ALIGN (0x4)
                0x0000000008000cdc                _etext = .

.vfp11_veneer   0x0000000008000cdc        0x0
 .vfp11_veneer  0x0000000008000cdc        0x0 linker stubs

.v4_bx          0x0000000008000cdc        0x0
 .v4_bx         0x0000000008000cdc        0x0 linker stubs

.iplt           0x0000000008000cdc        0x0
 .iplt          0x0000000008000cdc        0x0 c:/st/stm32cubeide_1.4.0/stm32cubeide/plugins/com.st.stm32cube.ide.mcu.externaltools.gnu-tools-for-stm32.7-2018-q2-update.win32_1.4.0.202007081208/tools/bin/../lib/gcc/arm-none-eabi/7.3.1/thumb/v7e-m/fpv4-sp/hard/crtbegin.o

.rel.dyn        0x0000000008000cdc        0x0
 .rel.iplt      0x0000000008000cdc        0x0 c:/st/stm32cubeide_1.4.0/stm32cubeide/plugins/com.st.stm32cube.ide.mcu.externaltools.gnu-tools-for-stm32.7-2018-q2-update.win32_1.4.0.202007081208/tools/bin/../lib/gcc/arm-none-eabi/7.3.1/thumb/v7e-m/fpv4-sp/hard/crtbegin.o

.rodata         0x0000000008000cdc        0x0
                0x0000000008000cdc                . = ALIGN (0x4)
 *(.rodata)
 *(.rodata*)
                0x0000000008000cdc                . = ALIGN (0x4)

.ARM.extab      0x0000000008000cdc        0x0
                0x0000000008000cdc                . = ALIGN (0x4)
 *(.ARM.extab* .gnu.linkonce.armextab.*)
                0x0000000008000cdc                . = ALIGN (0x4)

.ARM            0x0000000008000cdc        0x0
                0x0000000008000cdc                . = ALIGN (0x4)
                0x0000000008000cdc                __exidx_start = .
 *(.ARM.exidx*)
                0x0000000008000cdc                __exidx_end = .
                0x0000000008000cdc                . = ALIGN (0x4)

.preinit_array  0x0000000008000cdc        0x0
                0x0000000008000cdc                . = ALIGN (0x4)
                0x0000000008000cdc                PROVIDE (__preinit_array_start = .)
 *(.preinit_array*)
                0x0000000008000cdc                PROVIDE (__preinit_array_end = .)
                0x0000000008000cdc                . = ALIGN (0x4)

.init_array     0x0000000008000cdc        0x4
                0x0000000008000cdc                . = ALIGN (0x4)
                0x0000000008000cdc                PROVIDE (__init_array_start = .)
 *(SORT_BY_NAME(.init_array.*))
 *(.init_array*)
 .init_array    0x0000000008000cdc        0x4 c:/st/stm32cubeide_1.4.0/stm32cubeide/plugins/com.st.stm32cube.ide.mcu.externaltools.gnu-tools-for-stm32.7-2018-q2-update.win32_1.4.0.202007081208/tools/bin/../lib/gcc/arm-none-eabi/7.3.1/thumb/v7e-m/fpv4-sp/hard/crtbegin.o
                0x0000000008000ce0                PROVIDE (__init_array_end = .)
                0x0000000008000ce0                . = ALIGN (0x4)

.fini_array     0x0000000008000ce0        0x4
                0x0000000008000ce0                . = ALIGN (0x4)
                [!provide]                        PROVIDE (__fini_array_start = .)
 *(SORT_BY_NAME(.fini_array.*))
 *(.fini_array*)
 .fini_array    0x0000000008000ce0        0x4 c:/st/stm32cubeide_1.4.0/stm32cubeide/plugins/com.st.stm32cube.ide.mcu.externaltools.gnu-tools-for-stm32.7-2018-q2-update.win32_1.4.0.202007081208/tools/bin/../lib/gcc/arm-none-eabi/7.3.1/thumb/v7e-m/fpv4-sp/hard/crtbegin.o
                [!provide]                        PROVIDE (__fini_array_end = .)
                0x0000000008000ce4                . = ALIGN (0x4)
                0x0000000008000ce4                _sidata = LOADADDR (.data)

.data           0x0000000020000000        0x0 load address 0x0000000008000ce4
                0x0000000020000000                . = ALIGN (0x4)
                0x0000000020000000                _sdata = .
 *(.data)
 *(.data*)
                0x0000000020000000                . = ALIGN (0x4)
                0x0000000020000000                _edata = .

.igot.plt       0x0000000020000000        0x0 load address 0x0000000008000ce4
 .igot.plt      0x0000000020000000        0x0 c:/st/stm32cubeide_1.4.0/stm32cubeide/plugins/com.st.stm32cube.ide.mcu.externaltools.gnu-tools-for-stm32.7-2018-q2-update.win32_1.4.0.202007081208/tools/bin/../lib/gcc/arm-none-eabi/7.3.1/thumb/v7e-m/fpv4-sp/hard/crtbegin.o
                0x0000000020000000                . = ALIGN (0x4)

.bss            0x0000000020000000       0x1c load address 0x0000000008000ce4
                0x0000000020000000                _sbss = .
                0x0000000020000000                __bss_start__ = _sbss
 *(.bss)
 .bss           0x0000000020000000       0x1c c:/st/stm32cubeide_1.4.0/stm32cubeide/plugins/com.st.stm32cube.ide.mcu.externaltools.gnu-tools-for-stm32.7-2018-q2-update.win32_1.4.0.202007081208/tools/bin/../lib/gcc/arm-none-eabi/7.3.1/thumb/v7e-m/fpv4-sp/hard/crtbegin.o
 *(.bss*)
 *(COMMON)
                0x000000002000001c                . = ALIGN (0x4)
                0x000000002000001c                _ebss = .
                0x000000002000001c                __bss_end__ = _ebss

._user_heap_stack
                0x000000002000001c      0x604 load address 0x0000000008000ce4
                0x0000000020000020                . = ALIGN (0x8)
 *fill*         0x000000002000001c        0x4 
                [!provide]                        PROVIDE (end = .)
                [!provide]                        PROVIDE (_end = .)
                0x0000000020000220                . = (. + _Min_Heap_Size)
 *fill*         0x0000000020000020      0x200 
                0x0000000020000620                . = (. + _Min_Stack_Size)
 *fill*         0x0000000020000220      0x400 
                0x0000000020000620                . = ALIGN (0x8)

/DISCARD/
 libc.a(*)
 libm.a(*)
 libgcc.a(*)

.ARM.attributes
                0x0000000000000000       0x30
 *(.ARM.attributes)
 .ARM.attributes
                0x0000000000000000       0x22 c:/st/stm32cubeide_1.4.0/stm32cubeide/plugins/com.st.stm32cube.ide.mcu.externaltools.gnu-tools-for-stm32.7-2018-q2-update.win32_1.4.0.202007081208/tools/bin/../lib/gcc/arm-none-eabi/7.3.1/thumb/v7e-m/fpv4-sp/hard/crti.o
 .ARM.attributes
                0x0000000000000022       0x34 c:/st/stm32cubeide_1.4.0/stm32cubeide/plugins/com.st.stm32cube.ide.mcu.externaltools.gnu-tools-for-stm32.7-2018-q2-update.win32_1.4.0.202007081208/tools/bin/../lib/gcc/arm-none-eabi/7.3.1/thumb/v7e-m/fpv4-sp/hard/crtbegin.o
 .ARM.attributes
                0x0000000000000056       0x39 Src/spi_cmd_handling.o
 .ARM.attributes
                0x000000000000008f       0x21 Startup/startup_stm32l476rgtx.o
 .ARM.attributes
                0x00000000000000b0       0x39 drivers/Src/stm32l476xx_gpio_driver.o
 .ARM.attributes
                0x00000000000000e9       0x39 drivers/Src/stm32l476xx_spi_driver.o
 .ARM.attributes
                0x0000000000000122       0x34 c:/st/stm32cubeide_1.4.0/stm32cubeide/plugins/com.st.stm32cube.ide.mcu.externaltools.gnu-tools-for-stm32.7-2018-q2-update.win32_1.4.0.202007081208/tools/bin/../lib/gcc/arm-none-eabi/7.3.1/../../../../arm-none-eabi/lib/thumb/v7e-m/fpv4-sp/hard\libc_nano.a(lib_a-init.o)
 .ARM.attributes
                0x0000000000000156       0x22 c:/st/stm32cubeide_1.4.0/stm32cubeide/plugins/com.st.stm32cube.ide.mcu.externaltools.gnu-tools-for-stm32.7-2018-q2-update.win32_1.4.0.202007081208/tools/bin/../lib/gcc/arm-none-eabi/7.3.1/thumb/v7e-m/fpv4-sp/hard/crtn.o
OUTPUT(stm32l4xx_drivers.elf elf32-littlearm)

.debug_info     0x0000000000000000     0x1a64
 .debug_info    0x0000000000000000      0xc6a Src/spi_cmd_handling.o
 .debug_info    0x0000000000000c6a       0x22 Startup/startup_stm32l476rgtx.o
 .debug_info    0x0000000000000c8c      0x7ca drivers/Src/stm32l476xx_gpio_driver.o
 .debug_info    0x0000000000001456      0x60e drivers/Src/stm32l476xx_spi_driver.o

.debug_abbrev   0x0000000000000000      0x48e
 .debug_abbrev  0x0000000000000000      0x208 Src/spi_cmd_handling.o
 .debug_abbrev  0x0000000000000208       0x12 Startup/startup_stm32l476rgtx.o
 .debug_abbrev  0x000000000000021a      0x16a drivers/Src/stm32l476xx_gpio_driver.o
 .debug_abbrev  0x0000000000000384      0x10a drivers/Src/stm32l476xx_spi_driver.o

.debug_aranges  0x0000000000000000      0x168
 .debug_aranges
                0x0000000000000000       0x58 Src/spi_cmd_handling.o
 .debug_aranges
                0x0000000000000058       0x28 Startup/startup_stm32l476rgtx.o
 .debug_aranges
                0x0000000000000080       0x70 drivers/Src/stm32l476xx_gpio_driver.o
 .debug_aranges
                0x00000000000000f0       0x78 drivers/Src/stm32l476xx_spi_driver.o

.debug_ranges   0x0000000000000000      0x130
 .debug_ranges  0x0000000000000000       0x48 Src/spi_cmd_handling.o
 .debug_ranges  0x0000000000000048       0x20 Startup/startup_stm32l476rgtx.o
 .debug_ranges  0x0000000000000068       0x60 drivers/Src/stm32l476xx_gpio_driver.o
 .debug_ranges  0x00000000000000c8       0x68 drivers/Src/stm32l476xx_spi_driver.o

.debug_macro    0x0000000000000000     0x24f3
 .debug_macro   0x0000000000000000      0x269 Src/spi_cmd_handling.o
 .debug_macro   0x0000000000000269      0xa60 Src/spi_cmd_handling.o
 .debug_macro   0x0000000000000cc9       0x22 Src/spi_cmd_handling.o
 .debug_macro   0x0000000000000ceb       0x8e Src/spi_cmd_handling.o
 .debug_macro   0x0000000000000d79       0x51 Src/spi_cmd_handling.o
 .debug_macro   0x0000000000000dca       0xef Src/spi_cmd_handling.o
 .debug_macro   0x0000000000000eb9       0x6a Src/spi_cmd_handling.o
 .debug_macro   0x0000000000000f23      0x1df Src/spi_cmd_handling.o
 .debug_macro   0x0000000000001102      0x498 Src/spi_cmd_handling.o
 .debug_macro   0x000000000000159a       0xc4 Src/spi_cmd_handling.o
 .debug_macro   0x000000000000165e       0x9a Src/spi_cmd_handling.o
 .debug_macro   0x00000000000016f8       0x46 Src/spi_cmd_handling.o
 .debug_macro   0x000000000000173e       0x18 Src/spi_cmd_handling.o
 .debug_macro   0x0000000000001756       0x3c Src/spi_cmd_handling.o
 .debug_macro   0x0000000000001792       0x34 Src/spi_cmd_handling.o
 .debug_macro   0x00000000000017c6       0x16 Src/spi_cmd_handling.o
 .debug_macro   0x00000000000017dc       0x97 Src/spi_cmd_handling.o
 .debug_macro   0x0000000000001873      0x330 Src/spi_cmd_handling.o
 .debug_macro   0x0000000000001ba3       0xfd Src/spi_cmd_handling.o
 .debug_macro   0x0000000000001ca0       0x10 Src/spi_cmd_handling.o
 .debug_macro   0x0000000000001cb0       0x52 Src/spi_cmd_handling.o
 .debug_macro   0x0000000000001d02       0x1f Src/spi_cmd_handling.o
 .debug_macro   0x0000000000001d21       0x43 Src/spi_cmd_handling.o
 .debug_macro   0x0000000000001d64       0x20 Src/spi_cmd_handling.o
 .debug_macro   0x0000000000001d84      0x1a3 Src/spi_cmd_handling.o
 .debug_macro   0x0000000000001f27       0x10 Src/spi_cmd_handling.o
 .debug_macro   0x0000000000001f37       0x1c Src/spi_cmd_handling.o
 .debug_macro   0x0000000000001f53       0x52 Src/spi_cmd_handling.o
 .debug_macro   0x0000000000001fa5       0x40 Src/spi_cmd_handling.o
 .debug_macro   0x0000000000001fe5       0x10 Src/spi_cmd_handling.o
 .debug_macro   0x0000000000001ff5       0x40 Src/spi_cmd_handling.o
 .debug_macro   0x0000000000002035       0xd7 Src/spi_cmd_handling.o
 .debug_macro   0x000000000000210c       0x1c Src/spi_cmd_handling.o
 .debug_macro   0x0000000000002128       0x3d Src/spi_cmd_handling.o
 .debug_macro   0x0000000000002165       0x16 Src/spi_cmd_handling.o
 .debug_macro   0x000000000000217b      0x145 Src/spi_cmd_handling.o
 .debug_macro   0x00000000000022c0       0x16 Src/spi_cmd_handling.o
 .debug_macro   0x00000000000022d6       0x35 Src/spi_cmd_handling.o
 .debug_macro   0x000000000000230b       0x20 Src/spi_cmd_handling.o
 .debug_macro   0x000000000000232b       0x9a drivers/Src/stm32l476xx_gpio_driver.o
 .debug_macro   0x00000000000023c5       0x94 drivers/Src/stm32l476xx_gpio_driver.o
 .debug_macro   0x0000000000002459       0x9a drivers/Src/stm32l476xx_spi_driver.o

.debug_line     0x0000000000000000     0x12eb
 .debug_line    0x0000000000000000      0x6ff Src/spi_cmd_handling.o
 .debug_line    0x00000000000006ff       0x84 Startup/startup_stm32l476rgtx.o
 .debug_line    0x0000000000000783      0x626 drivers/Src/stm32l476xx_gpio_driver.o
 .debug_line    0x0000000000000da9      0x542 drivers/Src/stm32l476xx_spi_driver.o

.debug_str      0x0000000000000000     0xa529
 .debug_str     0x0000000000000000     0xa07f Src/spi_cmd_handling.o
                                       0xa2de (size before relaxing)
 .debug_str     0x000000000000a07f       0x31 Startup/startup_stm32l476rgtx.o
                                         0x70 (size before relaxing)
 .debug_str     0x000000000000a0b0      0x351 drivers/Src/stm32l476xx_gpio_driver.o
                                       0x5f69 (size before relaxing)
 .debug_str     0x000000000000a401      0x128 drivers/Src/stm32l476xx_spi_driver.o
                                       0x5e6c (size before relaxing)

.comment        0x0000000000000000       0x7b
 .comment       0x0000000000000000       0x7b Src/spi_cmd_handling.o
                                         0x7c (size before relaxing)
 .comment       0x000000000000007b       0x7c drivers/Src/stm32l476xx_gpio_driver.o
 .comment       0x000000000000007b       0x7c drivers/Src/stm32l476xx_spi_driver.o

.debug_frame    0x0000000000000000      0x50c
 .debug_frame   0x0000000000000000      0x134 Src/spi_cmd_handling.o
 .debug_frame   0x0000000000000134      0x1c8 drivers/Src/stm32l476xx_gpio_driver.o
 .debug_frame   0x00000000000002fc      0x1e4 drivers/Src/stm32l476xx_spi_driver.o
 .debug_frame   0x00000000000004e0       0x2c c:/st/stm32cubeide_1.4.0/stm32cubeide/plugins/com.st.stm32cube.ide.mcu.externaltools.gnu-tools-for-stm32.7-2018-q2-update.win32_1.4.0.202007081208/tools/bin/../lib/gcc/arm-none-eabi/7.3.1/../../../../arm-none-eabi/lib/thumb/v7e-m/fpv4-sp/hard\libc_nano.a(lib_a-init.o)
